Archive member included to satisfy reference by file (symbol)

/opt/st/stm32cubeide_2.1.1/plugins/com.st.stm32cube.ide.mcu.externaltools.gnu-tools-for-stm32.14.3.rel1.linux64_1.0.100.202602081740/tools/bin/../lib/gcc/arm-none-eabi/14.3.1/../../../../arm-none-eabi/lib/thumb/v7e-m+fp/hard/libc_nano.a(libc_a-exit.o)
                              /opt/st/stm32cubeide_2.1.1/plugins/com.st.stm32cube.ide.mcu.externaltools.gnu-tools-for-stm32.14.3.rel1.linux64_1.0.100.202602081740/tools/bin/../lib/gcc/arm-none-eabi/14.3.1/../../../../arm-none-eabi/lib/thumb/v7e-m+fp/hard/crt0.o (exit)
/opt/st/stm32cubeide_2.1.1/plugins/com.st.stm32cube.ide.mcu.externaltools.gnu-tools-for-stm32.14.3.rel1.linux64_1.0.100.202602081740/tools/bin/../lib/gcc/arm-none-eabi/14.3.1/../../../../arm-none-eabi/lib/thumb/v7e-m+fp/hard/libc_nano.a(libc_a-findfp.o)
                              /opt/st/stm32cubeide_2.1.1/plugins/com.st.stm32cube.ide.mcu.externaltools.gnu-tools-for-stm32.14.3.rel1.linux64_1.0.100.202602081740/tools/bin/../lib/gcc/arm-none-eabi/14.3.1/../../../../arm-none-eabi/lib/thumb/v7e-m+fp/hard/libc_nano.a(libc_a-exit.o) (__stdio_exit_handler)
/opt/st/stm32cubeide_2.1.1/plugins/com.st.stm32cube.ide.mcu.externaltools.gnu-tools-for-stm32.14.3.rel1.linux64_1.0.100.202602081740/tools/bin/../lib/gcc/arm-none-eabi/14.3.1/../../../../arm-none-eabi/lib/thumb/v7e-m+fp/hard/libc_nano.a(libc_a-fwalk.o)
                              /opt/st/stm32cubeide_2.1.1/plugins/com.st.stm32cube.ide.mcu.externaltools.gnu-tools-for-stm32.14.3.rel1.linux64_1.0.100.202602081740/tools/bin/../lib/gcc/arm-none-eabi/14.3.1/../../../../arm-none-eabi/lib/thumb/v7e-m+fp/hard/libc_nano.a(libc_a-findfp.o) (_fwalk_sglue)
/opt/st/stm32cubeide_2.1.1/plugins/com.st.stm32cube.ide.mcu.externaltools.gnu-tools-for-stm32.14.3.rel1.linux64_1.0.100.202602081740/tools/bin/../lib/gcc/arm-none-eabi/14.3.1/../../../../arm-none-eabi/lib/thumb/v7e-m+fp/hard/libc_nano.a(libc_a-stdio.o)
                              /opt/st/stm32cubeide_2.1.1/plugins/com.st.stm32cube.ide.mcu.externaltools.gnu-tools-for-stm32.14.3.rel1.linux64_1.0.100.202602081740/tools/bin/../lib/gcc/arm-none-eabi/14.3.1/../../../../arm-none-eabi/lib/thumb/v7e-m+fp/hard/libc_nano.a(libc_a-findfp.o) (__sread)
/opt/st/stm32cubeide_2.1.1/plugins/com.st.stm32cube.ide.mcu.externaltools.gnu-tools-for-stm32.14.3.rel1.linux64_1.0.100.202602081740/tools/bin/../lib/gcc/arm-none-eabi/14.3.1/../../../../arm-none-eabi/lib/thumb/v7e-m+fp/hard/libc_nano.a(libc_a-memset.o)
                              /opt/st/stm32cubeide_2.1.1/plugins/com.st.stm32cube.ide.mcu.externaltools.gnu-tools-for-stm32.14.3.rel1.linux64_1.0.100.202602081740/tools/bin/../lib/gcc/arm-none-eabi/14.3.1/../../../../arm-none-eabi/lib/thumb/v7e-m+fp/hard/crt0.o (memset)
/opt/st/stm32cubeide_2.1.1/plugins/com.st.stm32cube.ide.mcu.externaltools.gnu-tools-for-stm32.14.3.rel1.linux64_1.0.100.202602081740/tools/bin/../lib/gcc/arm-none-eabi/14.3.1/../../../../arm-none-eabi/lib/thumb/v7e-m+fp/hard/libc_nano.a(libc_a-closer.o)
                              /opt/st/stm32cubeide_2.1.1/plugins/com.st.stm32cube.ide.mcu.externaltools.gnu-tools-for-stm32.14.3.rel1.linux64_1.0.100.202602081740/tools/bin/../lib/gcc/arm-none-eabi/14.3.1/../../../../arm-none-eabi/lib/thumb/v7e-m+fp/hard/libc_nano.a(libc_a-stdio.o) (_close_r)
/opt/st/stm32cubeide_2.1.1/plugins/com.st.stm32cube.ide.mcu.externaltools.gnu-tools-for-stm32.14.3.rel1.linux64_1.0.100.202602081740/tools/bin/../lib/gcc/arm-none-eabi/14.3.1/../../../../arm-none-eabi/lib/thumb/v7e-m+fp/hard/libc_nano.a(libc_a-reent.o)
                              /opt/st/stm32cubeide_2.1.1/plugins/com.st.stm32cube.ide.mcu.externaltools.gnu-tools-for-stm32.14.3.rel1.linux64_1.0.100.202602081740/tools/bin/../lib/gcc/arm-none-eabi/14.3.1/../../../../arm-none-eabi/lib/thumb/v7e-m+fp/hard/libc_nano.a(libc_a-closer.o) (errno)
/opt/st/stm32cubeide_2.1.1/plugins/com.st.stm32cube.ide.mcu.externaltools.gnu-tools-for-stm32.14.3.rel1.linux64_1.0.100.202602081740/tools/bin/../lib/gcc/arm-none-eabi/14.3.1/../../../../arm-none-eabi/lib/thumb/v7e-m+fp/hard/libc_nano.a(libc_a-impure.o)
                              /opt/st/stm32cubeide_2.1.1/plugins/com.st.stm32cube.ide.mcu.externaltools.gnu-tools-for-stm32.14.3.rel1.linux64_1.0.100.202602081740/tools/bin/../lib/gcc/arm-none-eabi/14.3.1/../../../../arm-none-eabi/lib/thumb/v7e-m+fp/hard/libc_nano.a(libc_a-reent.o) (_impure_ptr)
/opt/st/stm32cubeide_2.1.1/plugins/com.st.stm32cube.ide.mcu.externaltools.gnu-tools-for-stm32.14.3.rel1.linux64_1.0.100.202602081740/tools/bin/../lib/gcc/arm-none-eabi/14.3.1/../../../../arm-none-eabi/lib/thumb/v7e-m+fp/hard/libc_nano.a(libc_a-lseekr.o)
                              /opt/st/stm32cubeide_2.1.1/plugins/com.st.stm32cube.ide.mcu.externaltools.gnu-tools-for-stm32.14.3.rel1.linux64_1.0.100.202602081740/tools/bin/../lib/gcc/arm-none-eabi/14.3.1/../../../../arm-none-eabi/lib/thumb/v7e-m+fp/hard/libc_nano.a(libc_a-stdio.o) (_lseek_r)
[...]
Memory Configuration

Name             Origin             Length             Attributes
RAM              0x20000000         0x00020000         xrw
FLASH            0x08000000         0x00040000         xr
*default*        0x00000000         0xffffffff

Linker script and memory map

LOAD /opt/st/stm32cubeide_2.1.1/plugins/com.st.stm32cube.ide.mcu.externaltools.gnu-tools-for-stm32.14.3.rel1.linux64_1.0.100.202602081740/tools/bin/../lib/gcc/arm-none-eabi/14.3.1/thumb/v7e-m+fp/hard/crti.o
LOAD /opt/st/stm32cubeide_2.1.1/plugins/com.st.stm32cube.ide.mcu.externaltools.gnu-tools-for-stm32.14.3.rel1.linux64_1.0.100.202602081740/tools/bin/../lib/gcc/arm-none-eabi/14.3.1/thumb/v7e-m+fp/hard/crtbegin.o
LOAD /opt/st/stm32cubeide_2.1.1/plugins/com.st.stm32cube.ide.mcu.externaltools.gnu-tools-for-stm32.14.3.rel1.linux64_1.0.100.202602081740/tools/bin/../lib/gcc/arm-none-eabi/14.3.1/../../../../arm-none-eabi/lib/thumb/v7e-m+fp/hard/crt0.o
LOAD ./Core/Src/gpio.o
LOAD ./Core/Src/main.o
LOAD ./Core/Src/spi.o
LOAD ./Core/Src/stm32f4xx_hal_msp.o
LOAD ./Core/Src/stm32f4xx_it.o
LOAD ./Core/Src/syscalls.o
LOAD ./Core/Src/sysmem.o
LOAD ./Core/Src/system_stm32f4xx.o
LOAD ./Core/Src/tim.o
LOAD ./Core/Startup/startup_stm32f411ccux.o
LOAD ./Drivers/STM32F4xx_HAL_Driver/Src/stm32f4xx_hal.o
LOAD ./Drivers/STM32F4xx_HAL_Driver/Src/stm32f4xx_hal_cortex.o
LOAD ./Drivers/STM32F4xx_HAL_Driver/Src/stm32f4xx_hal_dma.o
LOAD ./Drivers/STM32F4xx_HAL_Driver/Src/stm32f4xx_hal_dma_ex.o
LOAD ./Drivers/STM32F4xx_HAL_Driver/Src/stm32f4xx_hal_exti.o
LOAD ./Drivers/STM32F4xx_HAL_Driver/Src/stm32f4xx_hal_flash.o
LOAD ./Drivers/STM32F4xx_HAL_Driver/Src/stm32f4xx_hal_flash_ex.o
LOAD ./Drivers/STM32F4xx_HAL_Driver/Src/stm32f4xx_hal_flash_ramfunc.o
LOAD ./Drivers/STM32F4xx_HAL_Driver/Src/stm32f4xx_hal_gpio.o
LOAD ./Drivers/STM32F4xx_HAL_Driver/Src/stm32f4xx_hal_pcd.o
LOAD ./Drivers/STM32F4xx_HAL_Driver/Src/stm32f4xx_hal_pcd_ex.o
LOAD ./Drivers/STM32F4xx_HAL_Driver/Src/stm32f4xx_hal_pwr.o
LOAD ./Drivers/STM32F4xx_HAL_Driver/Src/stm32f4xx_hal_pwr_ex.o
LOAD ./Drivers/STM32F4xx_HAL_Driver/Src/stm32f4xx_hal_rcc.o
LOAD ./Drivers/STM32F4xx_HAL_Driver/Src/stm32f4xx_hal_rcc_ex.o
LOAD ./Drivers/STM32F4xx_HAL_Driver/Src/stm32f4xx_hal_spi.o
LOAD ./Drivers/STM32F4xx_HAL_Driver/Src/stm32f4xx_hal_tim.o
LOAD ./Drivers/STM32F4xx_HAL_Driver/Src/stm32f4xx_hal_tim_ex.o
LOAD ./Drivers/STM32F4xx_HAL_Driver/Src/stm32f4xx_ll_usb.o
LOAD ./Middlewares/ST/STM32_USB_Device_Library/Class/CDC/Src/usbd_cdc.o
LOAD ./Middlewares/ST/STM32_USB_Device_Library/Core/Src/usbd_core.o
LOAD ./Middlewares/ST/STM32_USB_Device_Library/Core/Src/usbd_ctlreq.o
LOAD ./Middlewares/ST/STM32_USB_Device_Library/Core/Src/usbd_ioreq.o
LOAD ./USB_DEVICE/App/usb_device.o
LOAD ./USB_DEVICE/App/usbd_cdc_if.o
LOAD ./USB_DEVICE/App/usbd_desc.o
LOAD ./USB_DEVICE/Target/usbd_conf.o
START GROUP
LOAD /opt/st/stm32cubeide_2.1.1/plugins/com.st.stm32cube.ide.mcu.externaltools.gnu-tools-for-stm32.14.3.rel1.linux64_1.0.100.202602081740/tools/bin/../lib/gcc/arm-none-eabi/14.3.1/../../../../arm-none-eabi/lib/thumb/v7e-m+fp/hard/libc_nano.a
LOAD /opt/st/stm32cubeide_2.1.1/plugins/com.st.stm32cube.ide.mcu.externaltools.gnu-tools-for-stm32.14.3.rel1.linux64_1.0.100.202602081740/tools/bin/../lib/gcc/arm-none-eabi/14.3.1/../../../../arm-none-eabi/lib/thumb/v7e-m+fp/hard/libm.a
END GROUP
START GROUP
LOAD /opt/st/stm32cubeide_2.1.1/plugins/com.st.stm32cube.ide.mcu.externaltools.gnu-tools-for-stm32.14.3.rel1.linux64_1.0.100.202602081740/tools/bin/../lib/gcc/arm-none-eabi/14.3.1/thumb/v7e-m+fp/hard/libgcc.a
LOAD /opt/st/stm32cubeide_2.1.1/plugins/com.st.stm32cube.ide.mcu.externaltools.gnu-tools-for-stm32.14.3.rel1.linux64_1.0.100.202602081740/tools/bin/../lib/gcc/arm-none-eabi/14.3.1/../../../../arm-none-eabi/lib/thumb/v7e-m+fp/hard/libc_nano.a
END GROUP
START GROUP
LOAD /opt/st/stm32cubeide_2.1.1/plugins/com.st.stm32cube.ide.mcu.externaltools.gnu-tools-for-stm32.14.3.rel1.linux64_1.0.100.202602081740/tools/bin/../lib/gcc/arm-none-eabi/14.3.1/thumb/v7e-m+fp/hard/libgcc.a
LOAD /opt/st/stm32cubeide_2.1.1/plugins/com.st.stm32cube.ide.mcu.externaltools.gnu-tools-for-stm32.14.3.rel1.linux64_1.0.100.202602081740/tools/bin/../lib/gcc/arm-none-eabi/14.3.1/../../../../arm-none-eabi/lib/thumb/v7e-m+fp/hard/libc_nano.a
LOAD /opt/st/stm32cubeide_2.1.1/plugins/com.st.stm32cube.ide.mcu.externaltools.gnu-tools-for-stm32.14.3.rel1.linux64_1.0.100.202602081740/tools/bin/../lib/gcc/arm-none-eabi/14.3.1/../../../../arm-none-eabi/lib/thumb/v7e-m+fp/hard/libnosys.a
END GROUP
START GROUP
LOAD /opt/st/stm32cubeide_2.1.1/plugins/com.st.stm32cube.ide.mcu.externaltools.gnu-tools-for-stm32.14.3.rel1.linux64_1.0.100.202602081740/tools/bin/../lib/gcc/arm-none-eabi/14.3.1/thumb/v7e-m+fp/hard/libgcc.a
LOAD /opt/st/stm32cubeide_2.1.1/plugins/com.st.stm32cube.ide.mcu.externaltools.gnu-tools-for-stm32.14.3.rel1.linux64_1.0.100.202602081740/tools/bin/../lib/gcc/arm-none-eabi/14.3.1/../../../../arm-none-eabi/lib/thumb/v7e-m+fp/hard/libc_nano.a
LOAD /opt/st/stm32cubeide_2.1.1/plugins/com.st.stm32cube.ide.mcu.externaltools.gnu-tools-for-stm32.14.3.rel1.linux64_1.0.100.202602081740/tools/bin/../lib/gcc/arm-none-eabi/14.3.1/../../../../arm-none-eabi/lib/thumb/v7e-m+fp/hard/libnosys.a
END GROUP
LOAD /opt/st/stm32cubeide_2.1.1/plugins/com.st.stm32cube.ide.mcu.externaltools.gnu-tools-for-stm32.14.3.rel1.linux64_1.0.100.202602081740/tools/bin/../lib/gcc/arm-none-eabi/14.3.1/thumb/v7e-m+fp/hard/crtend.o
LOAD /opt/st/stm32cubeide_2.1.1/plugins/com.st.stm32cube.ide.mcu.externaltools.gnu-tools-for-stm32.14.3.rel1.linux64_1.0.100.202602081740/tools/bin/../lib/gcc/arm-none-eabi/14.3.1/thumb/v7e-m+fp/hard/crtn.o
                0x20020000                        _estack = (ORIGIN (RAM) + LENGTH (RAM))
                0x00000200                        _Min_Heap_Size = 0x200
                0x00000400                        _Min_Stack_Size = 0x400

.isr_vector     0x08000000      0x198
                0x08000000                        . = ALIGN (0x4)
 *(.isr_vector)
 .isr_vector    0x08000000      0x198 ./Core/Startup/startup_stm32f411ccux.o
                0x08000000                g_pfnVectors
                0x08000198                        . = ALIGN (0x4)

.text           0x08000198     0x83a4
                0x08000198                        . = ALIGN (0x4)
 *(.text)
 .text          0x08000198       0x40 /opt/st/stm32cubeide_2.1.1/plugins/com.st.stm32cube.ide.mcu.externaltools.gnu-tools-for-stm32.14.3.rel1.linux64_1.0.100.202602081740/tools/bin/../lib/gcc/arm-none-eabi/14.3.1/thumb/v7e-m+fp/hard/crtbegin.o
 .text          0x080001d8       0x30 /opt/st/stm32cubeide_2.1.1/plugins/com.st.stm32cube.ide.mcu.externaltools.gnu-tools-for-stm32.14.3.rel1.linux64_1.0.100.202602081740/tools/bin/../lib/gcc/arm-none-eabi/14.3.1/thumb/v7e-m+fp/hard/libgcc.a(_aeabi_uldivmod.o)
                0x080001d8                __aeabi_uldivmod
 .text          0x08000208      0x2f8 /opt/st/stm32cubeide_2.1.1/plugins/com.st.stm32cube.ide.mcu.externaltools.gnu-tools-for-stm32.14.3.rel1.linux64_1.0.100.202602081740/tools/bin/../lib/gcc/arm-none-eabi/14.3.1/thumb/v7e-m+fp/hard/libgcc.a(_udivmoddi4.o)
                0x08000208                __udivmoddi4
 .text          0x08000500        0x4 /opt/st/stm32cubeide_2.1.1/plugins/com.st.stm32cube.ide.mcu.externaltools.gnu-tools-for-stm32.14.3.rel1.linux64_1.0.100.202602081740/tools/bin/../lib/gcc/arm-none-eabi/14.3.1/thumb/v7e-m+fp/hard/libgcc.a(_dvmd_tls.o)
                0x08000500                __aeabi_ldiv0
                0x08000500                __aeabi_idiv0
 *(.text*)
 .text.MX_GPIO_Init
                0x08000504       0x84 ./Core/Src/gpio.o
                0x08000504                MX_GPIO_Init
 .text.bmi160_cs_low
                0x08000588       0x18 ./Core/Src/main.o
 .text.bmi160_cs_high
                0x080005a0       0x18 ./Core/Src/main.o
 .text.bmi160_read
                0x080005b8       0x58 ./Core/Src/main.o
 .text.bmi160_write
                0x08000610       0x48 ./Core/Src/main.o
 .text.bmi160_init
                0x08000658       0xba ./Core/Src/main.o
 *fill*         0x08000712        0x2 
 .text.imu_publish_sample
                0x08000714       0xd4 ./Core/Src/main.o
 .text.main     0x080007e8       0x64 ./Core/Src/main.o
                0x080007e8                main
 .text.SystemClock_Config
                0x0800084c       0xd0 ./Core/Src/main.o
                0x0800084c                SystemClock_Config
 .text.HAL_TIM_PeriodElapsedCallback
                0x0800091c       0x38 ./Core/Src/main.o
                0x0800091c                HAL_TIM_PeriodElapsedCallback
 .text.Error_Handler
                0x08000954        0xc ./Core/Src/main.o
                0x08000954                Error_Handler
 .text.MX_SPI1_Init
                0x08000960       0x6c ./Core/Src/spi.o
                0x08000960                MX_SPI1_Init
 .text.HAL_SPI_MspInit
                0x080009cc       0x90 ./Core/Src/spi.o
                0x080009cc                HAL_SPI_MspInit
 .text.HAL_MspInit
                0x08000a5c       0x50 ./Core/Src/stm32f4xx_hal_msp.o
                0x08000a5c                HAL_MspInit
 .text.NMI_Handler
                0x08000aac        0x8 ./Core/Src/stm32f4xx_it.o
                0x08000aac                NMI_Handler
 .text.HardFault_Handler
                0x08000ab4        0x8 ./Core/Src/stm32f4xx_it.o
                0x08000ab4                HardFault_Handler
 .text.MemManage_Handler
                0x08000abc        0x8 ./Core/Src/stm32f4xx_it.o
                0x08000abc                MemManage_Handler
 .text.BusFault_Handler
                0x08000ac4        0x8 ./Core/Src/stm32f4xx_it.o
                0x08000ac4                BusFault_Handler
 .text.UsageFault_Handler
                0x08000acc        0x8 ./Core/Src/stm32f4xx_it.o
                0x08000acc                UsageFault_Handler
 .text.SVC_Handler
                0x08000ad4        0xe ./Core/Src/stm32f4xx_it.o
                0x08000ad4                SVC_Handler
 .text.DebugMon_Handler
                0x08000ae2        0xe ./Core/Src/stm32f4xx_it.o
                0x08000ae2                DebugMon_Handler
 .text.PendSV_Handler
                0x08000af0        0xe ./Core/Src/stm32f4xx_it.o
                0x08000af0                PendSV_Handler
 .text.SysTick_Handler
                0x08000afe        0xc ./Core/Src/stm32f4xx_it.o
                0x08000afe                SysTick_Handler
 *fill*         0x08000b0a        0x2 
 .text.TIM2_IRQHandler
                0x08000b0c       0x14 ./Core/Src/stm32f4xx_it.o
                0x08000b0c                TIM2_IRQHandler
 .text.OTG_FS_IRQHandler
                0x08000b20       0x14 ./Core/Src/stm32f4xx_it.o
                0x08000b20                OTG_FS_IRQHandler
 .text.SystemInit
                0x08000b34       0x24 ./Core/Src/system_stm32f4xx.o
                0x08000b34                SystemInit
 .text.MX_TIM2_Init
                0x08000b58       0x98 ./Core/Src/tim.o
                0x08000b58                MX_TIM2_Init
 .text.HAL_TIM_Base_MspInit
                0x08000bf0       0x4c ./Core/Src/tim.o
                0x08000bf0                HAL_TIM_Base_MspInit
 .text.Reset_Handler
                0x08000c3c       0x50 ./Core/Startup/startup_stm32f411ccux.o
                0x08000c3c                Reset_Handler
 .text.Default_Handler
                0x08000c8c        0x2 ./Core/Startup/startup_stm32f411ccux.o
                0x08000c8c                RTC_Alarm_IRQHandler
                0x08000c8c                EXTI2_IRQHandler
                0x08000c8c                SPI4_IRQHandler
                0x08000c8c                TIM1_CC_IRQHandler
                0x08000c8c                DMA2_Stream5_IRQHandler
                0x08000c8c                DMA1_Stream5_IRQHandler
                0x08000c8c                PVD_IRQHandler
                0x08000c8c                SDIO_IRQHandler
                0x08000c8c                TAMP_STAMP_IRQHandler
                0x08000c8c                EXTI3_IRQHandler
                0x08000c8c                TIM1_UP_TIM10_IRQHandler
                0x08000c8c                I2C3_ER_IRQHandler
                0x08000c8c                EXTI0_IRQHandler
                0x08000c8c                I2C2_EV_IRQHandler
                0x08000c8c                DMA1_Stream2_IRQHandler
                0x08000c8c                FPU_IRQHandler
                0x08000c8c                DMA2_Stream2_IRQHandler
                0x08000c8c                SPI1_IRQHandler
                0x08000c8c                TIM1_BRK_TIM9_IRQHandler
                0x08000c8c                DMA2_Stream3_IRQHandler
                0x08000c8c                USART6_IRQHandler
                0x08000c8c                DMA2_Stream0_IRQHandler
                0x08000c8c                TIM4_IRQHandler
                0x08000c8c                I2C1_EV_IRQHandler
                0x08000c8c                DMA1_Stream6_IRQHandler
                0x08000c8c                DMA1_Stream1_IRQHandler
                0x08000c8c                TIM3_IRQHandler
                0x08000c8c                RCC_IRQHandler
                0x08000c8c                Default_Handler
                0x08000c8c                EXTI15_10_IRQHandler
                0x08000c8c                ADC_IRQHandler
                0x08000c8c                DMA1_Stream7_IRQHandler
                0x08000c8c                SPI5_IRQHandler
                0x08000c8c                TIM5_IRQHandler
                0x08000c8c                DMA2_Stream7_IRQHandler
                0x08000c8c                I2C3_EV_IRQHandler
                0x08000c8c                EXTI9_5_IRQHandler
                0x08000c8c                RTC_WKUP_IRQHandler
                0x08000c8c                SPI2_IRQHandler
                0x08000c8c                DMA1_Stream0_IRQHandler
                0x08000c8c                EXTI4_IRQHandler
                0x08000c8c                WWDG_IRQHandler
                0x08000c8c                OTG_FS_WKUP_IRQHandler
                0x08000c8c                TIM1_TRG_COM_TIM11_IRQHandler
                0x08000c8c                EXTI1_IRQHandler
                0x08000c8c                USART2_IRQHandler
                0x08000c8c                I2C2_ER_IRQHandler
                0x08000c8c                DMA2_Stream1_IRQHandler
                0x08000c8c                FLASH_IRQHandler
                0x08000c8c                DMA2_Stream4_IRQHandler
                0x08000c8c                USART1_IRQHandler
                0x08000c8c                SPI3_IRQHandler
                0x08000c8c                DMA1_Stream4_IRQHandler
                0x08000c8c                I2C1_ER_IRQHandler
                0x08000c8c                DMA2_Stream6_IRQHandler
                0x08000c8c                DMA1_Stream3_IRQHandler
 *fill*         0x08000c8e        0x2 
 .text.HAL_Init
                0x08000c90       0x44 ./Drivers/STM32F4xx_HAL_Driver/Src/stm32f4xx_hal.o
                0x08000c90                HAL_Init
 .text.HAL_InitTick
                0x08000cd4       0x60 ./Drivers/STM32F4xx_HAL_Driver/Src/stm32f4xx_hal.o
                0x08000cd4                HAL_InitTick
 .text.HAL_IncTick
                0x08000d34       0x28 ./Drivers/STM32F4xx_HAL_Driver/Src/stm32f4xx_hal.o
                0x08000d34                HAL_IncTick
 .text.HAL_GetTick
                0x08000d5c       0x18 ./Drivers/STM32F4xx_HAL_Driver/Src/stm32f4xx_hal.o
                0x08000d5c                HAL_GetTick
 .text.HAL_Delay
                0x08000d74       0x48 ./Drivers/STM32F4xx_HAL_Driver/Src/stm32f4xx_hal.o
                0x08000d74                HAL_Delay
 .text.__NVIC_SetPriorityGrouping
                0x08000dbc       0x48 ./Drivers/STM32F4xx_HAL_Driver/Src/stm32f4xx_hal_cortex.o
 .text.__NVIC_GetPriorityGrouping
                0x08000e04       0x1c ./Drivers/STM32F4xx_HAL_Driver/Src/stm32f4xx_hal_cortex.o
 .text.__NVIC_EnableIRQ
                0x08000e20       0x3c ./Drivers/STM32F4xx_HAL_Driver/Src/stm32f4xx_hal_cortex.o
 .text.__NVIC_SetPriority
                0x08000e5c       0x54 ./Drivers/STM32F4xx_HAL_Driver/Src/stm32f4xx_hal_cortex.o
 .text.NVIC_EncodePriority
                0x08000eb0       0x66 ./Drivers/STM32F4xx_HAL_Driver/Src/stm32f4xx_hal_cortex.o
 *fill*         0x08000f16        0x2 
 .text.SysTick_Config
                0x08000f18       0x44 ./Drivers/STM32F4xx_HAL_Driver/Src/stm32f4xx_hal_cortex.o
 .text.HAL_NVIC_SetPriorityGrouping
                0x08000f5c       0x16 ./Drivers/STM32F4xx_HAL_Driver/Src/stm32f4xx_hal_cortex.o
                0x08000f5c                HAL_NVIC_SetPriorityGrouping
 .text.HAL_NVIC_SetPriority
                0x08000f72       0x38 ./Drivers/STM32F4xx_HAL_Driver/Src/stm32f4xx_hal_cortex.o
                0x08000f72                HAL_NVIC_SetPriority
 .text.HAL_NVIC_EnableIRQ
                0x08000faa       0x1c ./Drivers/STM32F4xx_HAL_Driver/Src/stm32f4xx_hal_cortex.o
                0x08000faa                HAL_NVIC_EnableIRQ
 .text.HAL_SYSTICK_Config
                0x08000fc6       0x18 ./Drivers/STM32F4xx_HAL_Driver/Src/stm32f4xx_hal_cortex.o
                0x08000fc6                HAL_SYSTICK_Config
 *fill*         0x08000fde        0x2 
 .text.HAL_GPIO_Init
                0x08000fe0      0x308 ./Drivers/STM32F4xx_HAL_Driver/Src/stm32f4xx_hal_gpio.o
                0x08000fe0                HAL_GPIO_Init
 .text.HAL_GPIO_WritePin
                0x080012e8       0x32 ./Drivers/STM32F4xx_HAL_Driver/Src/stm32f4xx_hal_gpio.o
                0x080012e8                HAL_GPIO_WritePin
 .text.HAL_PCD_Init
                0x0800131a      0x21e ./Drivers/STM32F4xx_HAL_Driver/Src/stm32f4xx_hal_pcd.o
                0x0800131a                HAL_PCD_Init
 .text.HAL_PCD_Start
                0x08001538       0x6a ./Drivers/STM32F4xx_HAL_Driver/Src/stm32f4xx_hal_pcd.o
                0x08001538                HAL_PCD_Start
 .text.HAL_PCD_IRQHandler
                0x080015a2      0x942 ./Drivers/STM32F4xx_HAL_Driver/Src/stm32f4xx_hal_pcd.o
                0x080015a2                HAL_PCD_IRQHandler
 .text.HAL_PCD_SetAddress
                0x08001ee4       0x48 ./Drivers/STM32F4xx_HAL_Driver/Src/stm32f4xx_hal_pcd.o
                0x08001ee4                HAL_PCD_SetAddress
 .text.HAL_PCD_EP_Open
                0x08001f2c       0xd4 ./Drivers/STM32F4xx_HAL_Driver/Src/stm32f4xx_hal_pcd.o
                0x08001f2c                HAL_PCD_EP_Open
 .text.HAL_PCD_EP_Close
                0x08002000       0x94 ./Drivers/STM32F4xx_HAL_Driver/Src/stm32f4xx_hal_pcd.o
                0x08002000                HAL_PCD_EP_Close
 .text.HAL_PCD_EP_Receive
                0x08002094       0x76 ./Drivers/STM32F4xx_HAL_Driver/Src/stm32f4xx_hal_pcd.o
                0x08002094                HAL_PCD_EP_Receive
 .text.HAL_PCD_EP_GetRxCount
                0x0800210a       0x30 ./Drivers/STM32F4xx_HAL_Driver/Src/stm32f4xx_hal_pcd.o
                0x0800210a                HAL_PCD_EP_GetRxCount
 .text.HAL_PCD_EP_Transmit
                0x0800213a       0x74 ./Drivers/STM32F4xx_HAL_Driver/Src/stm32f4xx_hal_pcd.o
                0x0800213a                HAL_PCD_EP_Transmit
 .text.HAL_PCD_EP_SetStall
                0x080021ae       0xc6 ./Drivers/STM32F4xx_HAL_Driver/Src/stm32f4xx_hal_pcd.o
                0x080021ae                HAL_PCD_EP_SetStall
 .text.HAL_PCD_EP_ClrStall
                0x08002274       0xac ./Drivers/STM32F4xx_HAL_Driver/Src/stm32f4xx_hal_pcd.o
                0x08002274                HAL_PCD_EP_ClrStall
 .text.HAL_PCD_EP_Abort
                0x08002320       0x62 ./Drivers/STM32F4xx_HAL_Driver/Src/stm32f4xx_hal_pcd.o
                0x08002320                HAL_PCD_EP_Abort
 .text.PCD_WriteEmptyTxFifo
                0x08002382      0x118 ./Drivers/STM32F4xx_HAL_Driver/Src/stm32f4xx_hal_pcd.o
 *fill*         0x0800249a        0x2 
 .text.PCD_EP_OutXfrComplete_int
                0x0800249c      0x1d0 ./Drivers/STM32F4xx_HAL_Driver/Src/stm32f4xx_hal_pcd.o
 .text.PCD_EP_OutSetupPacket_int
                0x0800266c       0x8c ./Drivers/STM32F4xx_HAL_Driver/Src/stm32f4xx_hal_pcd.o
 .text.HAL_PCDEx_SetTxFiFo
                0x080026f8       0x8e ./Drivers/STM32F4xx_HAL_Driver/Src/stm32f4xx_hal_pcd_ex.o
                0x080026f8                HAL_PCDEx_SetTxFiFo
 .text.HAL_PCDEx_SetRxFiFo
                0x08002786       0x22 ./Drivers/STM32F4xx_HAL_Driver/Src/stm32f4xx_hal_pcd_ex.o
                0x08002786                HAL_PCDEx_SetRxFiFo
 .text.HAL_PCDEx_LPM_Callback
                0x080027a8       0x18 ./Drivers/STM32F4xx_HAL_Driver/Src/stm32f4xx_hal_pcd_ex.o
                0x080027a8                HAL_PCDEx_LPM_Callback
 .text.HAL_RCC_OscConfig
                0x080027c0      0x4f0 ./Drivers/STM32F4xx_HAL_Driver/Src/stm32f4xx_hal_rcc.o
                0x080027c0                HAL_RCC_OscConfig
 .text.HAL_RCC_ClockConfig
                0x08002cb0      0x1cc ./Drivers/STM32F4xx_HAL_Driver/Src/stm32f4xx_hal_rcc.o
                0x08002cb0                HAL_RCC_ClockConfig
 .text.HAL_RCC_GetSysClockFreq
                0x08002e7c      0x188 ./Drivers/STM32F4xx_HAL_Driver/Src/stm32f4xx_hal_rcc.o
                0x08002e7c                HAL_RCC_GetSysClockFreq
 .text.HAL_RCC_GetHCLKFreq
                0x08003004       0x18 ./Drivers/STM32F4xx_HAL_Driver/Src/stm32f4xx_hal_rcc.o
                0x08003004                HAL_RCC_GetHCLKFreq
 .text.HAL_SPI_Init
                0x0800301c      0x112 ./Drivers/STM32F4xx_HAL_Driver/Src/stm32f4xx_hal_spi.o
                0x0800301c                HAL_SPI_Init
 .text.HAL_SPI_Transmit
                0x0800312e      0x288 ./Drivers/STM32F4xx_HAL_Driver/Src/stm32f4xx_hal_spi.o
                0x0800312e                HAL_SPI_Transmit
 .text.HAL_SPI_Receive
                0x080033b6      0x232 ./Drivers/STM32F4xx_HAL_Driver/Src/stm32f4xx_hal_spi.o
                0x080033b6                HAL_SPI_Receive
 .text.HAL_SPI_TransmitReceive
                0x080035e8      0x352 ./Drivers/STM32F4xx_HAL_Driver/Src/stm32f4xx_hal_spi.o
                0x080035e8                HAL_SPI_TransmitReceive
 *fill*         0x0800393a        0x2 
 .text.SPI_WaitFlagStateUntilTimeout
                0x0800393c      0x110 ./Drivers/STM32F4xx_HAL_Driver/Src/stm32f4xx_hal_spi.o
 .text.SPI_EndRxTransaction
                0x08003a4c       0xca ./Drivers/STM32F4xx_HAL_Driver/Src/stm32f4xx_hal_spi.o
 *fill*         0x08003b16        0x2 
 .text.SPI_EndRxTxTransaction
                0x08003b18       0xa8 ./Drivers/STM32F4xx_HAL_Driver/Src/stm32f4xx_hal_spi.o
 .text.HAL_TIM_Base_Init
                0x08003bc0       0x9e ./Drivers/STM32F4xx_HAL_Driver/Src/stm32f4xx_hal_tim.o
                0x08003bc0                HAL_TIM_Base_Init
 *fill*         0x08003c5e        0x2 
 .text.HAL_TIM_Base_Start_IT
                0x08003c60       0xc4 ./Drivers/STM32F4xx_HAL_Driver/Src/stm32f4xx_hal_tim.o
                0x08003c60                HAL_TIM_Base_Start_IT
 .text.HAL_TIM_IRQHandler
                0x08003d24      0x1e0 ./Drivers/STM32F4xx_HAL_Driver/Src/stm32f4xx_hal_tim.o
                0x08003d24                HAL_TIM_IRQHandler
 .text.HAL_TIM_ConfigClockSource
                0x08003f04      0x18e ./Drivers/STM32F4xx_HAL_Driver/Src/stm32f4xx_hal_tim.o
                0x08003f04                HAL_TIM_ConfigClockSource
 .text.HAL_TIM_OC_DelayElapsedCallback
                0x08004092       0x14 ./Drivers/STM32F4xx_HAL_Driver/Src/stm32f4xx_hal_tim.o
                0x08004092                HAL_TIM_OC_DelayElapsedCallback
 .text.HAL_TIM_IC_CaptureCallback
                0x080040a6       0x14 ./Drivers/STM32F4xx_HAL_Driver/Src/stm32f4xx_hal_tim.o
                0x080040a6                HAL_TIM_IC_CaptureCallback
 .text.HAL_TIM_PWM_PulseFinishedCallback
                0x080040ba       0x14 ./Drivers/STM32F4xx_HAL_Driver/Src/stm32f4xx_hal_tim.o
                0x080040ba                HAL_TIM_PWM_PulseFinishedCallback
 .text.HAL_TIM_TriggerCallback
                0x080040ce       0x14 ./Drivers/STM32F4xx_HAL_Driver/Src/stm32f4xx_hal_tim.o
                0x080040ce                HAL_TIM_TriggerCallback
 *fill*         0x080040e2        0x2 
 .text.TIM_Base_SetConfig
                0x080040e4      0x10c ./Drivers/STM32F4xx_HAL_Driver/Src/stm32f4xx_hal_tim.o
                0x080040e4                TIM_Base_SetConfig
 .text.TIM_TI1_ConfigInputStage
                0x080041f0       0x5e ./Drivers/STM32F4xx_HAL_Driver/Src/stm32f4xx_hal_tim.o
 .text.TIM_TI2_ConfigInputStage
                0x0800424e       0x60 ./Drivers/STM32F4xx_HAL_Driver/Src/stm32f4xx_hal_tim.o
 .text.TIM_ITRx_SetConfig
                0x080042ae       0x36 ./Drivers/STM32F4xx_HAL_Driver/Src/stm32f4xx_hal_tim.o
 .text.TIM_ETR_SetConfig
                0x080042e4       0x40 ./Drivers/STM32F4xx_HAL_Driver/Src/stm32f4xx_hal_tim.o
                0x080042e4                TIM_ETR_SetConfig
 .text.HAL_TIMEx_MasterConfigSynchronization
                0x08004324       0xdc ./Drivers/STM32F4xx_HAL_Driver/Src/stm32f4xx_hal_tim_ex.o
                0x08004324                HAL_TIMEx_MasterConfigSynchronization
 .text.HAL_TIMEx_CommutCallback
                0x08004400       0x14 ./Drivers/STM32F4xx_HAL_Driver/Src/stm32f4xx_hal_tim_ex.o
                0x08004400                HAL_TIMEx_CommutCallback
 .text.HAL_TIMEx_BreakCallback
                0x08004414       0x14 ./Drivers/STM32F4xx_HAL_Driver/Src/stm32f4xx_hal_tim_ex.o
                0x08004414                HAL_TIMEx_BreakCallback
 .text.USB_CoreInit
                0x08004428       0xc8 ./Drivers/STM32F4xx_HAL_Driver/Src/stm32f4xx_ll_usb.o
                0x08004428                USB_CoreInit
 .text.USB_SetTurnaroundTime
                0x080044f0      0x144 ./Drivers/STM32F4xx_HAL_Driver/Src/stm32f4xx_ll_usb.o
                0x080044f0                USB_SetTurnaroundTime
 .text.USB_EnableGlobalInt
                0x08004634       0x22 ./Drivers/STM32F4xx_HAL_Driver/Src/stm32f4xx_ll_usb.o
                0x08004634                USB_EnableGlobalInt
 .text.USB_DisableGlobalInt
                0x08004656       0x22 ./Drivers/STM32F4xx_HAL_Driver/Src/stm32f4xx_ll_usb.o
                0x08004656                USB_DisableGlobalInt
 .text.USB_SetCurrentMode
                0x08004678       0x98 ./Drivers/STM32F4xx_HAL_Driver/Src/stm32f4xx_ll_usb.o
                0x08004678                USB_SetCurrentMode
 .text.USB_DevInit
                0x08004710      0x2c8 ./Drivers/STM32F4xx_HAL_Driver/Src/stm32f4xx_ll_usb.o
                0x08004710                USB_DevInit
 .text.USB_FlushTxFifo
                0x080049d8       0x64 ./Drivers/STM32F4xx_HAL_Driver/Src/stm32f4xx_ll_usb.o
                0x080049d8                USB_FlushTxFifo
 .text.USB_FlushRxFifo
                0x08004a3c       0x5c ./Drivers/STM32F4xx_HAL_Driver/Src/stm32f4xx_ll_usb.o
                0x08004a3c                USB_FlushRxFifo
 .text.USB_SetDevSpeed
                0x08004a98       0x32 ./Drivers/STM32F4xx_HAL_Driver/Src/stm32f4xx_ll_usb.o
                0x08004a98                USB_SetDevSpeed
 .text.USB_GetDevSpeed
                0x08004aca       0x4a ./Drivers/STM32F4xx_HAL_Driver/Src/stm32f4xx_ll_usb.o
                0x08004aca                USB_GetDevSpeed
 .text.USB_ActivateEndpoint
                0x08004b14      0x10e ./Drivers/STM32F4xx_HAL_Driver/Src/stm32f4xx_ll_usb.o
                0x08004b14                USB_ActivateEndpoint
 *fill*         0x08004c22        0x2 
 .text.USB_DeactivateEndpoint
                0x08004c24      0x1b8 ./Drivers/STM32F4xx_HAL_Driver/Src/stm32f4xx_ll_usb.o
                0x08004c24                USB_DeactivateEndpoint
 .text.USB_EPStartXfer
                0x08004ddc      0x53c ./Drivers/STM32F4xx_HAL_Driver/Src/stm32f4xx_ll_usb.o
                0x08004ddc                USB_EPStartXfer
 .text.USB_EPStopXfer
                0x08005318      0x154 ./Drivers/STM32F4xx_HAL_Driver/Src/stm32f4xx_ll_usb.o
                0x08005318                USB_EPStopXfer
 .text.USB_WritePacket
                0x0800546c       0x7c ./Drivers/STM32F4xx_HAL_Driver/Src/stm32f4xx_ll_usb.o
                0x0800546c                USB_WritePacket
 .text.USB_ReadPacket
                0x080054e8       0xb0 ./Drivers/STM32F4xx_HAL_Driver/Src/stm32f4xx_ll_usb.o
                0x080054e8                USB_ReadPacket
 .text.USB_EPSetStall
                0x08005598       0xdc ./Drivers/STM32F4xx_HAL_Driver/Src/stm32f4xx_ll_usb.o
                0x08005598                USB_EPSetStall
 .text.USB_EPClearStall
                0x08005674       0xcc ./Drivers/STM32F4xx_HAL_Driver/Src/stm32f4xx_ll_usb.o
                0x08005674                USB_EPClearStall
 .text.USB_SetDevAddress
                0x08005740       0x4c ./Drivers/STM32F4xx_HAL_Driver/Src/stm32f4xx_ll_usb.o
                0x08005740                USB_SetDevAddress
 .text.USB_DevConnect
                0x0800578c       0x42 ./Drivers/STM32F4xx_HAL_Driver/Src/stm32f4xx_ll_usb.o
                0x0800578c                USB_DevConnect
 .text.USB_DevDisconnect
                0x080057ce       0x42 ./Drivers/STM32F4xx_HAL_Driver/Src/stm32f4xx_ll_usb.o
                0x080057ce                USB_DevDisconnect
 .text.USB_ReadInterrupts
                0x08005810       0x26 ./Drivers/STM32F4xx_HAL_Driver/Src/stm32f4xx_ll_usb.o
                0x08005810                USB_ReadInterrupts
 .text.USB_ReadDevAllOutEpInterrupt
                0x08005836       0x34 ./Drivers/STM32F4xx_HAL_Driver/Src/stm32f4xx_ll_usb.o
                0x08005836                USB_ReadDevAllOutEpInterrupt
 .text.USB_ReadDevAllInEpInterrupt
                0x0800586a       0x34 ./Drivers/STM32F4xx_HAL_Driver/Src/stm32f4xx_ll_usb.o
                0x0800586a                USB_ReadDevAllInEpInterrupt
 .text.USB_ReadDevOutEPInterrupt
                0x0800589e       0x3c ./Drivers/STM32F4xx_HAL_Driver/Src/stm32f4xx_ll_usb.o
                0x0800589e                USB_ReadDevOutEPInterrupt
 .text.USB_ReadDevInEPInterrupt
                0x080058da       0x5c ./Drivers/STM32F4xx_HAL_Driver/Src/stm32f4xx_ll_usb.o
                0x080058da                USB_ReadDevInEPInterrupt
 .text.USB_GetMode
                0x08005936       0x1c ./Drivers/STM32F4xx_HAL_Driver/Src/stm32f4xx_ll_usb.o
                0x08005936                USB_GetMode
 .text.USB_ActivateSetup
                0x08005952       0x46 ./Drivers/STM32F4xx_HAL_Driver/Src/stm32f4xx_ll_usb.o
                0x08005952                USB_ActivateSetup
 .text.USB_EP0_OutStart
                0x08005998       0xbc ./Drivers/STM32F4xx_HAL_Driver/Src/stm32f4xx_ll_usb.o
                0x08005998                USB_EP0_OutStart
 .text.USB_CoreReset
                0x08005a54       0x70 ./Drivers/STM32F4xx_HAL_Driver/Src/stm32f4xx_ll_usb.o
 .text.USBD_CDC_Init
                0x08005ac4      0x1f0 ./Middlewares/ST/STM32_USB_Device_Library/Class/CDC/Src/usbd_cdc.o
 .text.USBD_CDC_DeInit
                0x08005cb4      0x104 ./Middlewares/ST/STM32_USB_Device_Library/Class/CDC/Src/usbd_cdc.o
 .text.USBD_CDC_Setup
                0x08005db8      0x1b8 ./Middlewares/ST/STM32_USB_Device_Library/Class/CDC/Src/usbd_cdc.o
 .text.USBD_CDC_DataIn
                0x08005f70       0xfe ./Middlewares/ST/STM32_USB_Device_Library/Class/CDC/Src/usbd_cdc.o
 .text.USBD_CDC_DataOut
                0x0800606e       0x70 ./Middlewares/ST/STM32_USB_Device_Library/Class/CDC/Src/usbd_cdc.o
 .text.USBD_CDC_EP0_RxReady
                0x080060de       0x74 ./Middlewares/ST/STM32_USB_Device_Library/Class/CDC/Src/usbd_cdc.o
 *fill*         0x08006152        0x2 
 .text.USBD_CDC_GetFSCfgDesc
                0x08006154       0x70 ./Middlewares/ST/STM32_USB_Device_Library/Class/CDC/Src/usbd_cdc.o
 .text.USBD_CDC_GetHSCfgDesc
                0x080061c4       0x70 ./Middlewares/ST/STM32_USB_Device_Library/Class/CDC/Src/usbd_cdc.o
 .text.USBD_CDC_GetOtherSpeedCfgDesc
                0x08006234       0x70 ./Middlewares/ST/STM32_USB_Device_Library/Class/CDC/Src/usbd_cdc.o
 .text.USBD_CDC_GetDeviceQualifierDescriptor
                0x080062a4       0x20 ./Middlewares/ST/STM32_USB_Device_Library/Class/CDC/Src/usbd_cdc.o
                0x080062a4                USBD_CDC_GetDeviceQualifierDescriptor
 .text.USBD_CDC_RegisterInterface
                0x080062c4       0x34 ./Middlewares/ST/STM32_USB_Device_Library/Class/CDC/Src/usbd_cdc.o
                0x080062c4                USBD_CDC_RegisterInterface
 .text.USBD_CDC_SetTxBuffer
                0x080062f8       0x44 ./Middlewares/ST/STM32_USB_Device_Library/Class/CDC/Src/usbd_cdc.o
                0x080062f8                USBD_CDC_SetTxBuffer
 .text.USBD_CDC_SetRxBuffer
                0x0800633c       0x3a ./Middlewares/ST/STM32_USB_Device_Library/Class/CDC/Src/usbd_cdc.o
                0x0800633c                USBD_CDC_SetRxBuffer
 *fill*         0x08006376        0x2 
 .text.USBD_CDC_TransmitPacket
                0x08006378       0x80 ./Middlewares/ST/STM32_USB_Device_Library/Class/CDC/Src/usbd_cdc.o
                0x08006378                USBD_CDC_TransmitPacket
 .text.USBD_CDC_ReceivePacket
                0x080063f8       0x6c ./Middlewares/ST/STM32_USB_Device_Library/Class/CDC/Src/usbd_cdc.o
                0x080063f8                USBD_CDC_ReceivePacket
 .text.USBD_Init
                0x08006464       0x60 ./Middlewares/ST/STM32_USB_Device_Library/Core/Src/usbd_core.o
                0x08006464                USBD_Init
 .text.USBD_RegisterClass
                0x080064c4       0x6c ./Middlewares/ST/STM32_USB_Device_Library/Core/Src/usbd_core.o
                0x080064c4                USBD_RegisterClass
 .text.USBD_Start
                0x08006530       0x18 ./Middlewares/ST/STM32_USB_Device_Library/Core/Src/usbd_core.o
                0x08006530                USBD_Start
 .text.USBD_RunTestMode
                0x08006548       0x16 ./Middlewares/ST/STM32_USB_Device_Library/Core/Src/usbd_core.o
                0x08006548                USBD_RunTestMode
 .text.USBD_SetClassConfig
                0x0800655e       0x38 ./Middlewares/ST/STM32_USB_Device_Library/Core/Src/usbd_core.o
                0x0800655e                USBD_SetClassConfig
 .text.USBD_ClrClassConfig
                0x08006596       0x34 ./Middlewares/ST/STM32_USB_Device_Library/Core/Src/usbd_core.o
                0x08006596                USBD_ClrClassConfig
 .text.USBD_LL_SetupStage
                0x080065ca       0xaa ./Middlewares/ST/STM32_USB_Device_Library/Core/Src/usbd_core.o
                0x080065ca                USBD_LL_SetupStage
 .text.USBD_LL_DataOutStage
                0x08006674      0x178 ./Middlewares/ST/STM32_USB_Device_Library/Core/Src/usbd_core.o
                0x08006674                USBD_LL_DataOutStage
 .text.USBD_LL_DataInStage
                0x080067ec      0x176 ./Middlewares/ST/STM32_USB_Device_Library/Core/Src/usbd_core.o
                0x080067ec                USBD_LL_DataInStage
 .text.USBD_LL_Reset
                0x08006962       0xa6 ./Middlewares/ST/STM32_USB_Device_Library/Core/Src/usbd_core.o
                0x08006962                USBD_LL_Reset
 .text.USBD_LL_SetSpeed
                0x08006a08       0x20 ./Middlewares/ST/STM32_USB_Device_Library/Core/Src/usbd_core.o
                0x08006a08                USBD_LL_SetSpeed
 .text.USBD_LL_Suspend
                0x08006a28       0x38 ./Middlewares/ST/STM32_USB_Device_Library/Core/Src/usbd_core.o
                0x08006a28                USBD_LL_Suspend
 .text.USBD_LL_Resume
                0x08006a60       0x30 ./Middlewares/ST/STM32_USB_Device_Library/Core/Src/usbd_core.o
                0x08006a60                USBD_LL_Resume
 .text.USBD_LL_SOF
                0x08006a90       0x40 ./Middlewares/ST/STM32_USB_Device_Library/Core/Src/usbd_core.o
                0x08006a90                USBD_LL_SOF
 .text.USBD_LL_IsoINIncomplete
                0x08006ad0       0x64 ./Middlewares/ST/STM32_USB_Device_Library/Core/Src/usbd_core.o
                0x08006ad0                USBD_LL_IsoINIncomplete
 .text.USBD_LL_IsoOUTIncomplete
                0x08006b34       0x64 ./Middlewares/ST/STM32_USB_Device_Library/Core/Src/usbd_core.o
                0x08006b34                USBD_LL_IsoOUTIncomplete
 .text.USBD_LL_DevConnected
                0x08006b98       0x16 ./Middlewares/ST/STM32_USB_Device_Library/Core/Src/usbd_core.o
                0x08006b98                USBD_LL_DevConnected
 .text.USBD_LL_DevDisconnected
                0x08006bae       0x46 ./Middlewares/ST/STM32_USB_Device_Library/Core/Src/usbd_core.o
                0x08006bae                USBD_LL_DevDisconnected
 .text.USBD_CoreFindIF
                0x08006bf4       0x1a ./Middlewares/ST/STM32_USB_Device_Library/Core/Src/usbd_core.o
                0x08006bf4                USBD_CoreFindIF
 .text.USBD_CoreFindEP
                0x08006c0e       0x1a ./Middlewares/ST/STM32_USB_Device_Library/Core/Src/usbd_core.o
                0x08006c0e                USBD_CoreFindEP
 .text.USBD_GetEpDesc
                0x08006c28       0x70 ./Middlewares/ST/STM32_USB_Device_Library/Core/Src/usbd_core.o
                0x08006c28                USBD_GetEpDesc
 .text.USBD_GetNextDesc
                0x08006c98       0x38 ./Middlewares/ST/STM32_USB_Device_Library/Core/Src/usbd_core.o
                0x08006c98                USBD_GetNextDesc
 .text.SWAPBYTE
                0x08006cd0       0x3e ./Middlewares/ST/STM32_USB_Device_Library/Core/Src/usbd_ctlreq.o
 *fill*         0x08006d0e        0x2 
 .text.USBD_StdDevReq
                0x08006d10       0xe4 ./Middlewares/ST/STM32_USB_Device_Library/Core/Src/usbd_ctlreq.o
                0x08006d10                USBD_StdDevReq
 .text.USBD_StdItfReq
                0x08006df4       0xd8 ./Middlewares/ST/STM32_USB_Device_Library/Core/Src/usbd_ctlreq.o
                0x08006df4                USBD_StdItfReq
 .text.USBD_StdEPReq
                0x08006ecc      0x33e ./Middlewares/ST/STM32_USB_Device_Library/Core/Src/usbd_ctlreq.o
                0x08006ecc                USBD_StdEPReq
 *fill*         0x0800720a        0x2 
 .text.USBD_GetDescriptor
                0x0800720c      0x2d4 ./Middlewares/ST/STM32_USB_Device_Library/Core/Src/usbd_ctlreq.o
 .text.USBD_SetAddress
                0x080074e0       0x88 ./Middlewares/ST/STM32_USB_Device_Library/Core/Src/usbd_ctlreq.o
 .text.USBD_SetConfig
                0x08007568      0x154 ./Middlewares/ST/STM32_USB_Device_Library/Core/Src/usbd_ctlreq.o
 .text.USBD_GetConfig
                0x080076bc       0x6c ./Middlewares/ST/STM32_USB_Device_Library/Core/Src/usbd_ctlreq.o
 .text.USBD_GetStatus
                0x08007728       0x68 ./Middlewares/ST/STM32_USB_Device_Library/Core/Src/usbd_ctlreq.o
 .text.USBD_SetFeature
                0x08007790       0x52 ./Middlewares/ST/STM32_USB_Device_Library/Core/Src/usbd_ctlreq.o
 .text.USBD_ClrFeature
                0x080077e2       0x44 ./Middlewares/ST/STM32_USB_Device_Library/Core/Src/usbd_ctlreq.o
 .text.USBD_ParseSetupRequest
                0x08007826       0x74 ./Middlewares/ST/STM32_USB_Device_Library/Core/Src/usbd_ctlreq.o
                0x08007826                USBD_ParseSetupRequest
 .text.USBD_CtlError
                0x0800789a       0x22 ./Middlewares/ST/STM32_USB_Device_Library/Core/Src/usbd_ctlreq.o
                0x0800789a                USBD_CtlError
 .text.USBD_GetString
                0x080078bc       0xa4 ./Middlewares/ST/STM32_USB_Device_Library/Core/Src/usbd_ctlreq.o
                0x080078bc                USBD_GetString
 .text.USBD_GetLen
                0x08007960       0x34 ./Middlewares/ST/STM32_USB_Device_Library/Core/Src/usbd_ctlreq.o
 .text.USBD_CtlSendData
                0x08007994       0x3c ./Middlewares/ST/STM32_USB_Device_Library/Core/Src/usbd_ioreq.o
                0x08007994                USBD_CtlSendData
 .text.USBD_CtlContinueSendData
                0x080079d0       0x22 ./Middlewares/ST/STM32_USB_Device_Library/Core/Src/usbd_ioreq.o
                0x080079d0                USBD_CtlContinueSendData
 .text.USBD_CtlPrepareRx
                0x080079f2       0x42 ./Middlewares/ST/STM32_USB_Device_Library/Core/Src/usbd_ioreq.o
                0x080079f2                USBD_CtlPrepareRx
 .text.USBD_CtlContinueRx
                0x08007a34       0x22 ./Middlewares/ST/STM32_USB_Device_Library/Core/Src/usbd_ioreq.o
                0x08007a34                USBD_CtlContinueRx
 .text.USBD_CtlSendStatus
                0x08007a56       0x26 ./Middlewares/ST/STM32_USB_Device_Library/Core/Src/usbd_ioreq.o
                0x08007a56                USBD_CtlSendStatus
 .text.USBD_CtlReceiveStatus
                0x08007a7c       0x26 ./Middlewares/ST/STM32_USB_Device_Library/Core/Src/usbd_ioreq.o
                0x08007a7c                USBD_CtlReceiveStatus
 *fill*         0x08007aa2        0x2 
 .text.MX_USB_DEVICE_Init
                0x08007aa4       0x60 ./USB_DEVICE/App/usb_device.o
                0x08007aa4                MX_USB_DEVICE_Init
 .text.CDC_Init_FS
                0x08007b04       0x28 ./USB_DEVICE/App/usbd_cdc_if.o
 .text.CDC_DeInit_FS
                0x08007b2c       0x10 ./USB_DEVICE/App/usbd_cdc_if.o
 .text.CDC_Control_FS
                0x08007b3c       0xbc ./USB_DEVICE/App/usbd_cdc_if.o
 .text.CDC_Receive_FS
                0x08007bf8       0x28 ./USB_DEVICE/App/usbd_cdc_if.o
 .text.CDC_Transmit_FS
                0x08007c20       0x54 ./USB_DEVICE/App/usbd_cdc_if.o
                0x08007c20                CDC_Transmit_FS
 .text.CDC_TransmitCplt_FS
                0x08007c74       0x22 ./USB_DEVICE/App/usbd_cdc_if.o
 *fill*         0x08007c96        0x2 
 .text.USBD_FS_DeviceDescriptor
                0x08007c98       0x24 ./USB_DEVICE/App/usbd_desc.o
                0x08007c98                USBD_FS_DeviceDescriptor
 .text.USBD_FS_LangIDStrDescriptor
                0x08007cbc       0x24 ./USB_DEVICE/App/usbd_desc.o
                0x08007cbc                USBD_FS_LangIDStrDescriptor
 .text.USBD_FS_ProductStrDescriptor
                0x08007ce0       0x3c ./USB_DEVICE/App/usbd_desc.o
                0x08007ce0                USBD_FS_ProductStrDescriptor
 .text.USBD_FS_ManufacturerStrDescriptor
                0x08007d1c       0x28 ./USB_DEVICE/App/usbd_desc.o
                0x08007d1c                USBD_FS_ManufacturerStrDescriptor
 .text.USBD_FS_SerialStrDescriptor
                0x08007d44       0x24 ./USB_DEVICE/App/usbd_desc.o
                0x08007d44                USBD_FS_SerialStrDescriptor
 .text.USBD_FS_ConfigStrDescriptor
                0x08007d68       0x3c ./USB_DEVICE/App/usbd_desc.o
                0x08007d68                USBD_FS_ConfigStrDescriptor
 .text.USBD_FS_InterfaceStrDescriptor
                0x08007da4       0x3c ./USB_DEVICE/App/usbd_desc.o
                0x08007da4                USBD_FS_InterfaceStrDescriptor
 .text.Get_SerialNum
                0x08007de0       0x58 ./USB_DEVICE/App/usbd_desc.o
 .text.IntToUnicode
                0x08007e38       0x7e ./USB_DEVICE/App/usbd_desc.o
 *fill*         0x08007eb6        0x2 
 .text.HAL_PCD_MspInit
                0x08007eb8       0xa8 ./USB_DEVICE/Target/usbd_conf.o
                0x08007eb8                HAL_PCD_MspInit
 .text.HAL_PCD_SetupStageCallback
                0x08007f60       0x24 ./USB_DEVICE/Target/usbd_conf.o
                0x08007f60                HAL_PCD_SetupStageCallback
 .text.HAL_PCD_DataOutStageCallback
                0x08007f84       0x36 ./USB_DEVICE/Target/usbd_conf.o
                0x08007f84                HAL_PCD_DataOutStageCallback
 .text.HAL_PCD_DataInStageCallback
                0x08007fba       0x34 ./USB_DEVICE/Target/usbd_conf.o
                0x08007fba                HAL_PCD_DataInStageCallback
 .text.HAL_PCD_SOFCallback
                0x08007fee       0x1c ./USB_DEVICE/Target/usbd_conf.o
                0x08007fee                HAL_PCD_SOFCallback
 .text.HAL_PCD_ResetCallback
                0x0800800a       0x3c ./USB_DEVICE/Target/usbd_conf.o
                0x0800800a                HAL_PCD_ResetCallback
 *fill*         0x08008046        0x2 
 .text.HAL_PCD_SuspendCallback
                0x08008048       0x4c ./USB_DEVICE/Target/usbd_conf.o
                0x08008048                HAL_PCD_SuspendCallback
 .text.HAL_PCD_ResumeCallback
                0x08008094       0x1c ./USB_DEVICE/Target/usbd_conf.o
                0x08008094                HAL_PCD_ResumeCallback
 .text.HAL_PCD_ISOOUTIncompleteCallback
                0x080080b0       0x24 ./USB_DEVICE/Target/usbd_conf.o
                0x080080b0                HAL_PCD_ISOOUTIncompleteCallback
 .text.HAL_PCD_ISOINIncompleteCallback
                0x080080d4       0x24 ./USB_DEVICE/Target/usbd_conf.o
                0x080080d4                HAL_PCD_ISOINIncompleteCallback
 .text.HAL_PCD_ConnectCallback
                0x080080f8       0x1c ./USB_DEVICE/Target/usbd_conf.o
                0x080080f8                HAL_PCD_ConnectCallback
 .text.HAL_PCD_DisconnectCallback
                0x08008114       0x1c ./USB_DEVICE/Target/usbd_conf.o
                0x08008114                HAL_PCD_DisconnectCallback
 .text.USBD_LL_Init
                0x08008130       0x98 ./USB_DEVICE/Target/usbd_conf.o
                0x08008130                USBD_LL_Init
 .text.USBD_LL_Start
                0x080081c8       0x36 ./USB_DEVICE/Target/usbd_conf.o
                0x080081c8                USBD_LL_Start
 .text.USBD_LL_OpenEP
                0x080081fe       0x4c ./USB_DEVICE/Target/usbd_conf.o
                0x080081fe                USBD_LL_OpenEP
 .text.USBD_LL_CloseEP
                0x0800824a       0x3e ./USB_DEVICE/Target/usbd_conf.o
                0x0800824a                USBD_LL_CloseEP
 .text.USBD_LL_StallEP
                0x08008288       0x3e ./USB_DEVICE/Target/usbd_conf.o
                0x08008288                USBD_LL_StallEP
 .text.USBD_LL_ClearStallEP
                0x080082c6       0x3e ./USB_DEVICE/Target/usbd_conf.o
                0x080082c6                USBD_LL_ClearStallEP
 .text.USBD_LL_IsStallEP
                0x08008304       0x58 ./USB_DEVICE/Target/usbd_conf.o
                0x08008304                USBD_LL_IsStallEP
 .text.USBD_LL_SetUSBAddress
                0x0800835c       0x3e ./USB_DEVICE/Target/usbd_conf.o
                0x0800835c                USBD_LL_SetUSBAddress
 .text.USBD_LL_Transmit
                0x0800839a       0x42 ./USB_DEVICE/Target/usbd_conf.o
                0x0800839a                USBD_LL_Transmit
 .text.USBD_LL_PrepareReceive
                0x080083dc       0x42 ./USB_DEVICE/Target/usbd_conf.o
                0x080083dc                USBD_LL_PrepareReceive
 .text.USBD_LL_GetRxDataSize
                0x0800841e       0x26 ./USB_DEVICE/Target/usbd_conf.o
                0x0800841e                USBD_LL_GetRxDataSize
 .text.USBD_static_malloc
                0x08008444       0x1c ./USB_DEVICE/Target/usbd_conf.o
                0x08008444                USBD_static_malloc
 .text.USBD_static_free
                0x08008460       0x14 ./USB_DEVICE/Target/usbd_conf.o
                0x08008460                USBD_static_free
 .text.USBD_Get_USB_Status
                0x08008474       0x58 ./USB_DEVICE/Target/usbd_conf.o
                0x08008474                USBD_Get_USB_Status
 .text.memset   0x080084cc       0x10 /opt/st/stm32cubeide_2.1.1/plugins/com.st.stm32cube.ide.mcu.externaltools.gnu-tools-for-stm32.14.3.rel1.linux64_1.0.100.202602081740/tools/bin/../lib/gcc/arm-none-eabi/14.3.1/../../../../arm-none-eabi/lib/thumb/v7e-m+fp/hard/libc_nano.a(libc_a-memset.o)
                0x080084cc                memset
 .text.__libc_init_array
                0x080084dc       0x48 /opt/st/stm32cubeide_2.1.1/plugins/com.st.stm32cube.ide.mcu.externaltools.gnu-tools-for-stm32.14.3.rel1.linux64_1.0.100.202602081740/tools/bin/../lib/gcc/arm-none-eabi/14.3.1/../../../../arm-none-eabi/lib/thumb/v7e-m+fp/hard/libc_nano.a(libc_a-init.o)
                0x080084dc                __libc_init_array
 *(.glue_7)
 .glue_7        0x08008524        0x0 linker stubs
 *(.glue_7t)
 .glue_7t       0x08008524        0x0 linker stubs
 *(.eh_frame)
 .eh_frame      0x08008524        0x0 /opt/st/stm32cubeide_2.1.1/plugins/com.st.stm32cube.ide.mcu.externaltools.gnu-tools-for-stm32.14.3.rel1.linux64_1.0.100.202602081740/tools/bin/../lib/gcc/arm-none-eabi/14.3.1/thumb/v7e-m+fp/hard/crtbegin.o
 *(.init)
 .init          0x08008524        0x4 /opt/st/stm32cubeide_2.1.1/plugins/com.st.stm32cube.ide.mcu.externaltools.gnu-tools-for-stm32.14.3.rel1.linux64_1.0.100.202602081740/tools/bin/../lib/gcc/arm-none-eabi/14.3.1/thumb/v7e-m+fp/hard/crti.o
                0x08008524                _init
 .init          0x08008528        0x8 /opt/st/stm32cubeide_2.1.1/plugins/com.st.stm32cube.ide.mcu.externaltools.gnu-tools-for-stm32.14.3.rel1.linux64_1.0.100.202602081740/tools/bin/../lib/gcc/arm-none-eabi/14.3.1/thumb/v7e-m+fp/hard/crtn.o
 *(.fini)
 .fini          0x08008530        0x4 /opt/st/stm32cubeide_2.1.1/plugins/com.st.stm32cube.ide.mcu.externaltools.gnu-tools-for-stm32.14.3.rel1.linux64_1.0.100.202602081740/tools/bin/../lib/gcc/arm-none-eabi/14.3.1/thumb/v7e-m+fp/hard/crti.o
                0x08008530                _fini
 .fini          0x08008534        0x8 /opt/st/stm32cubeide_2.1.1/plugins/com.st.stm32cube.ide.mcu.externaltools.gnu-tools-for-stm32.14.3.rel1.linux64_1.0.100.202602081740/tools/bin/../lib/gcc/arm-none-eabi/14.3.1/thumb/v7e-m+fp/hard/crtn.o
                0x0800853c                        . = ALIGN (0x4)
                0x0800853c                        _etext = .

.vfp11_veneer   0x0800853c        0x0
 .vfp11_veneer  0x0800853c        0x0 linker stubs

.v4_bx          0x0800853c        0x0
 .v4_bx         0x0800853c        0x0 linker stubs

.iplt           0x0800853c        0x0
 .iplt          0x0800853c        0x0 /opt/st/stm32cubeide_2.1.1/plugins/com.st.stm32cube.ide.mcu.externaltools.gnu-tools-for-stm32.14.3.rel1.linux64_1.0.100.202602081740/tools/bin/../lib/gcc/arm-none-eabi/14.3.1/thumb/v7e-m+fp/hard/crtbegin.o

.rodata         0x0800853c       0x58
                0x0800853c                        . = ALIGN (0x4)
 *(.rodata)
 .rodata        0x0800853c       0x46 ./USB_DEVICE/App/usbd_desc.o
 *(.rodata*)
 *fill*         0x08008582        0x2 
 .rodata.AHBPrescTable
                0x08008584       0x10 ./Core/Src/system_stm32f4xx.o
                0x08008584                AHBPrescTable
                0x08008594                        . = ALIGN (0x4)

.ARM.extab      0x08008594        0x0
                0x08008594                        . = ALIGN (0x4)
 *(.ARM.extab* .gnu.linkonce.armextab.*)
                0x08008594                        . = ALIGN (0x4)

.ARM            0x08008594        0x8
                0x08008594                        . = ALIGN (0x4)
                0x08008594                        __exidx_start = .
 *(.ARM.exidx*)
 .ARM.exidx     0x08008594        0x8 /opt/st/stm32cubeide_2.1.1/plugins/com.st.stm32cube.ide.mcu.externaltools.gnu-tools-for-stm32.14.3.rel1.linux64_1.0.100.202602081740/tools/bin/../lib/gcc/arm-none-eabi/14.3.1/thumb/v7e-m+fp/hard/libgcc.a(_udivmoddi4.o)
                0x0800859c                        __exidx_end = .
                0x0800859c                        . = ALIGN (0x4)

.preinit_array  0x0800859c        0x0
                0x0800859c                        . = ALIGN (0x4)
                0x0800859c                        PROVIDE (__preinit_array_start = .)
 *(.preinit_array*)
                0x0800859c                        PROVIDE (__preinit_array_end = .)
                0x0800859c                        . = ALIGN (0x4)

.init_array     0x0800859c        0x4
                0x0800859c                        . = ALIGN (0x4)
                0x0800859c                        PROVIDE (__init_array_start = .)
 *(SORT_BY_NAME(.init_array.*))
 *(.init_array*)
 .init_array    0x0800859c        0x4 /opt/st/stm32cubeide_2.1.1/plugins/com.st.stm32cube.ide.mcu.externaltools.gnu-tools-for-stm32.14.3.rel1.linux64_1.0.100.202602081740/tools/bin/../lib/gcc/arm-none-eabi/14.3.1/thumb/v7e-m+fp/hard/crtbegin.o
                0x080085a0                        PROVIDE (__init_array_end = .)
                0x080085a0                        . = ALIGN (0x4)

.fini_array     0x080085a0        0x4
                0x080085a0                        . = ALIGN (0x4)
                [!provide]                        PROVIDE (__fini_array_start = .)
 *(SORT_BY_NAME(.fini_array.*))
 *(.fini_array*)
 .fini_array    0x080085a0        0x4 /opt/st/stm32cubeide_2.1.1/plugins/com.st.stm32cube.ide.mcu.externaltools.gnu-tools-for-stm32.14.3.rel1.linux64_1.0.100.202602081740/tools/bin/../lib/gcc/arm-none-eabi/14.3.1/thumb/v7e-m+fp/hard/crtbegin.o
                [!provide]                        PROVIDE (__fini_array_end = .)
                0x080085a4                        . = ALIGN (0x4)
                0x080085a4                        _sidata = LOADADDR (.data)

.rel.dyn        0x080085a4        0x0
 .rel.iplt      0x080085a4        0x0 /opt/st/stm32cubeide_2.1.1/plugins/com.st.stm32cube.ide.mcu.externaltools.gnu-tools-for-stm32.14.3.rel1.linux64_1.0.100.202602081740/tools/bin/../lib/gcc/arm-none-eabi/14.3.1/thumb/v7e-m+fp/hard/crtbegin.o

.data           0x20000000       0xfc load address 0x080085a4
                0x20000000                        . = ALIGN (0x4)
                0x20000000                        _sdata = .
 *(.data)
 *(.data*)
 .data.SystemCoreClock
                0x20000000        0x4 ./Core/Src/system_stm32f4xx.o
                0x20000000                SystemCoreClock
 .data.uwTickPrio
                0x20000004        0x4 ./Drivers/STM32F4xx_HAL_Driver/Src/stm32f4xx_hal.o
                0x20000004                uwTickPrio
 .data.uwTickFreq
                0x20000008        0x1 ./Drivers/STM32F4xx_HAL_Driver/Src/stm32f4xx_hal.o
                0x20000008                uwTickFreq
 *fill*         0x20000009        0x3 
 .data.USBD_CDC_DeviceQualifierDesc
                0x2000000c        0xa ./Middlewares/ST/STM32_USB_Device_Library/Class/CDC/Src/usbd_cdc.o
 *fill*         0x20000016        0x2 
 .data.USBD_CDC
                0x20000018       0x38 ./Middlewares/ST/STM32_USB_Device_Library/Class/CDC/Src/usbd_cdc.o
                0x20000018                USBD_CDC
 .data.USBD_CDC_CfgDesc
                0x20000050       0x43 ./Middlewares/ST/STM32_USB_Device_Library/Class/CDC/Src/usbd_cdc.o
 .data.CDCInEpAdd
                0x20000093        0x1 ./Middlewares/ST/STM32_USB_Device_Library/Class/CDC/Src/usbd_cdc.o
 .data.CDCOutEpAdd
                0x20000094        0x1 ./Middlewares/ST/STM32_USB_Device_Library/Class/CDC/Src/usbd_cdc.o
 .data.CDCCmdEpAdd
                0x20000095        0x1 ./Middlewares/ST/STM32_USB_Device_Library/Class/CDC/Src/usbd_cdc.o
 *fill*         0x20000096        0x2 
 .data.USBD_Interface_fops_FS
                0x20000098       0x14 ./USB_DEVICE/App/usbd_cdc_if.o
                0x20000098                USBD_Interface_fops_FS
 .data.FS_Desc  0x200000ac       0x1c ./USB_DEVICE/App/usbd_desc.o
                0x200000ac                FS_Desc
 .data.USBD_FS_DeviceDesc
                0x200000c8       0x12 ./USB_DEVICE/App/usbd_desc.o
                0x200000c8                USBD_FS_DeviceDesc
 *fill*         0x200000da        0x2 
 .data.USBD_LangIDDesc
                0x200000dc        0x4 ./USB_DEVICE/App/usbd_desc.o
                0x200000dc                USBD_LangIDDesc
 .data.USBD_StringSerial
                0x200000e0       0x1a ./USB_DEVICE/App/usbd_desc.o
                0x200000e0                USBD_StringSerial
 *(.RamFunc)
 *(.RamFunc*)
                0x200000fc                        . = ALIGN (0x4)
 *fill*         0x200000fa        0x2 
                0x200000fc                        _edata = .

.igot.plt       0x200000fc        0x0 load address 0x080086a0
 .igot.plt      0x200000fc        0x0 /opt/st/stm32cubeide_2.1.1/plugins/com.st.stm32cube.ide.mcu.externaltools.gnu-tools-for-stm32.14.3.rel1.linux64_1.0.100.202602081740/tools/bin/../lib/gcc/arm-none-eabi/14.3.1/thumb/v7e-m+fp/hard/crtbegin.o
                0x200000fc                        . = ALIGN (0x4)

.bss            0x200000fc     0x1cc0 load address 0x080086a0
                0x200000fc                        _sbss = .
                0x200000fc                        __bss_start__ = _sbss
 *(.bss)
 .bss           0x200000fc       0x1c /opt/st/stm32cubeide_2.1.1/plugins/com.st.stm32cube.ide.mcu.externaltools.gnu-tools-for-stm32.14.3.rel1.linux64_1.0.100.202602081740/tools/bin/../lib/gcc/arm-none-eabi/14.3.1/thumb/v7e-m+fp/hard/crtbegin.o
 *(.bss*)
 .bss.imu_sample_flag
                0x20000118        0x1 ./Core/Src/main.o
 .bss.bmi160_ready
                0x20000119        0x1 ./Core/Src/main.o
 *fill*         0x2000011a        0x2 
 .bss.imu_timestamp_us
                0x2000011c        0x4 ./Core/Src/main.o
 .bss.pkt.0     0x20000120       0x12 ./Core/Src/main.o
 *fill*         0x20000132        0x2 
 .bss.hspi1     0x20000134       0x58 ./Core/Src/spi.o
                0x20000134                hspi1
 .bss.htim2     0x2000018c       0x48 ./Core/Src/tim.o
                0x2000018c                htim2
 .bss.uwTick    0x200001d4        0x4 ./Drivers/STM32F4xx_HAL_Driver/Src/stm32f4xx_hal.o
                0x200001d4                uwTick
 .bss.cfgidx.0  0x200001d8        0x1 ./Middlewares/ST/STM32_USB_Device_Library/Core/Src/usbd_ctlreq.o
 *fill*         0x200001d9        0x3 
 .bss.hUsbDeviceFS
                0x200001dc      0x2dc ./USB_DEVICE/App/usb_device.o
                0x200001dc                hUsbDeviceFS
 .bss.UserRxBufferFS
                0x200004b8      0x800 ./USB_DEVICE/App/usbd_cdc_if.o
                0x200004b8                UserRxBufferFS
 .bss.UserTxBufferFS
                0x20000cb8      0x800 ./USB_DEVICE/App/usbd_cdc_if.o
                0x20000cb8                UserTxBufferFS
 .bss.USBD_StrDesc
                0x200014b8      0x200 ./USB_DEVICE/App/usbd_desc.o
                0x200014b8                USBD_StrDesc
 .bss.hpcd_USB_OTG_FS
                0x200016b8      0x4e4 ./USB_DEVICE/Target/usbd_conf.o
                0x200016b8                hpcd_USB_OTG_FS
 .bss.mem.0     0x20001b9c      0x220 ./USB_DEVICE/Target/usbd_conf.o
 *(COMMON)
                0x20001dbc                        . = ALIGN (0x4)
                0x20001dbc                        _ebss = .
                0x20001dbc                        __bss_end__ = _ebss

._user_heap_stack
                0x20001dbc      0x604 load address 0x080086a0
                0x20001dc0                        . = ALIGN (0x8)
 *fill*         0x20001dbc        0x4 
                [!provide]                        PROVIDE (end = .)
                0x20001dc0                        PROVIDE (_end = .)
                0x20001fc0                        . = (. + _Min_Heap_Size)
 *fill*         0x20001dc0      0x200 
                0x200023c0                        . = (. + _Min_Stack_Size)
 *fill*         0x20001fc0      0x400 
                0x200023c0                        . = ALIGN (0x8)

/DISCARD/
 libc.a(*)
 libm.a(*)
 libgcc.a(*)

.ARM.attributes
                0x00000000       0x30
 *(.ARM.attributes)
 .ARM.attributes
                0x00000000       0x22 /opt/st/stm32cubeide_2.1.1/plugins/com.st.stm32cube.ide.mcu.externaltools.gnu-tools-for-stm32.14.3.rel1.linux64_1.0.100.202602081740/tools/bin/../lib/gcc/arm-none-eabi/14.3.1/thumb/v7e-m+fp/hard/crti.o
 .ARM.attributes
                0x00000022       0x34 /opt/st/stm32cubeide_2.1.1/plugins/com.st.stm32cube.ide.mcu.externaltools.gnu-tools-for-stm32.14.3.rel1.linux64_1.0.100.202602081740/tools/bin/../lib/gcc/arm-none-eabi/14.3.1/thumb/v7e-m+fp/hard/crtbegin.o
 .ARM.attributes
                0x00000056       0x34 ./Core/Src/gpio.o
 .ARM.attributes
                0x0000008a       0x34 ./Core/Src/main.o
 .ARM.attributes
                0x000000be       0x34 ./Core/Src/spi.o
 .ARM.attributes
                0x000000f2       0x34 ./Core/Src/stm32f4xx_hal_msp.o
 .ARM.attributes
                0x00000126       0x34 ./Core/Src/stm32f4xx_it.o
 .ARM.attributes
                0x0000015a       0x34 ./Core/Src/system_stm32f4xx.o
 .ARM.attributes
                0x0000018e       0x34 ./Core/Src/tim.o
 .ARM.attributes
                0x000001c2       0x21 ./Core/Startup/startup_stm32f411ccux.o
 .ARM.attributes
                0x000001e3       0x34 ./Drivers/STM32F4xx_HAL_Driver/Src/stm32f4xx_hal.o
 .ARM.attributes
                0x00000217       0x34 ./Drivers/STM32F4xx_HAL_Driver/Src/stm32f4xx_hal_cortex.o
 .ARM.attributes
                0x0000024b       0x34 ./Drivers/STM32F4xx_HAL_Driver/Src/stm32f4xx_hal_gpio.o
 .ARM.attributes
                0x0000027f       0x34 ./Drivers/STM32F4xx_HAL_Driver/Src/stm32f4xx_hal_pcd.o
 .ARM.attributes
                0x000002b3       0x34 ./Drivers/STM32F4xx_HAL_Driver/Src/stm32f4xx_hal_pcd_ex.o
 .ARM.attributes
                0x000002e7       0x34 ./Drivers/STM32F4xx_HAL_Driver/Src/stm32f4xx_hal_rcc.o
 .ARM.attributes
                0x0000031b       0x34 ./Drivers/STM32F4xx_HAL_Driver/Src/stm32f4xx_hal_spi.o
 .ARM.attributes
                0x0000034f       0x34 ./Drivers/STM32F4xx_HAL_Driver/Src/stm32f4xx_hal_tim.o
 .ARM.attributes
                0x00000383       0x34 ./Drivers/STM32F4xx_HAL_Driver/Src/stm32f4xx_hal_tim_ex.o
 .ARM.attributes
                0x000003b7       0x34 ./Drivers/STM32F4xx_HAL_Driver/Src/stm32f4xx_ll_usb.o
 .ARM.attributes
                0x000003eb       0x34 ./Middlewares/ST/STM32_USB_Device_Library/Class/CDC/Src/usbd_cdc.o
 .ARM.attributes
                0x0000041f       0x34 ./Middlewares/ST/STM32_USB_Device_Library/Core/Src/usbd_core.o
 .ARM.attributes
                0x00000453       0x34 ./Middlewares/ST/STM32_USB_Device_Library/Core/Src/usbd_ctlreq.o
 .ARM.attributes
                0x00000487       0x34 ./Middlewares/ST/STM32_USB_Device_Library/Core/Src/usbd_ioreq.o
 .ARM.attributes
                0x000004bb       0x34 ./USB_DEVICE/App/usb_device.o
 .ARM.attributes
                0x000004ef       0x34 ./USB_DEVICE/App/usbd_cdc_if.o
 .ARM.attributes
                0x00000523       0x34 ./USB_DEVICE/App/usbd_desc.o
 .ARM.attributes
                0x00000557       0x34 ./USB_DEVICE/Target/usbd_conf.o
 .ARM.attributes
                0x0000058b       0x34 /opt/st/stm32cubeide_2.1.1/plugins/com.st.stm32cube.ide.mcu.externaltools.gnu-tools-for-stm32.14.3.rel1.linux64_1.0.100.202602081740/tools/bin/../lib/gcc/arm-none-eabi/14.3.1/../../../../arm-none-eabi/lib/thumb/v7e-m+fp/hard/libc_nano.a(libc_a-memset.o)
 .ARM.attributes
                0x000005bf       0x34 /opt/st/stm32cubeide_2.1.1/plugins/com.st.stm32cube.ide.mcu.externaltools.gnu-tools-for-stm32.14.3.rel1.linux64_1.0.100.202602081740/tools/bin/../lib/gcc/arm-none-eabi/14.3.1/../../../../arm-none-eabi/lib/thumb/v7e-m+fp/hard/libc_nano.a(libc_a-init.o)
 .ARM.attributes
                0x000005f3       0x22 /opt/st/stm32cubeide_2.1.1/plugins/com.st.stm32cube.ide.mcu.externaltools.gnu-tools-for-stm32.14.3.rel1.linux64_1.0.100.202602081740/tools/bin/../lib/gcc/arm-none-eabi/14.3.1/thumb/v7e-m+fp/hard/libgcc.a(_aeabi_uldivmod.o)
 .ARM.attributes
                0x00000615       0x34 /opt/st/stm32cubeide_2.1.1/plugins/com.st.stm32cube.ide.mcu.externaltools.gnu-tools-for-stm32.14.3.rel1.linux64_1.0.100.202602081740/tools/bin/../lib/gcc/arm-none-eabi/14.3.1/thumb/v7e-m+fp/hard/libgcc.a(_udivmoddi4.o)
 .ARM.attributes
                0x00000649       0x22 /opt/st/stm32cubeide_2.1.1/plugins/com.st.stm32cube.ide.mcu.externaltools.gnu-tools-for-stm32.14.3.rel1.linux64_1.0.100.202602081740/tools/bin/../lib/gcc/arm-none-eabi/14.3.1/thumb/v7e-m+fp/hard/libgcc.a(_dvmd_tls.o)
 .ARM.attributes
                0x0000066b       0x22 /opt/st/stm32cubeide_2.1.1/plugins/com.st.stm32cube.ide.mcu.externaltools.gnu-tools-for-stm32.14.3.rel1.linux64_1.0.100.202602081740/tools/bin/../lib/gcc/arm-none-eabi/14.3.1/thumb/v7e-m+fp/hard/crtn.o
OUTPUT(stm32_icm_imu.elf elf32-littlearm)
LOAD linker stubs
LOAD /opt/st/stm32cubeide_2.1.1/plugins/com.st.stm32cube.ide.mcu.externaltools.gnu-tools-for-stm32.14.3.rel1.linux64_1.0.100.202602081740/tools/bin/../lib/gcc/arm-none-eabi/14.3.1/../../../../arm-none-eabi/lib/thumb/v7e-m+fp/hard/libc.a
LOAD /opt/st/stm32cubeide_2.1.1/plugins/com.st.stm32cube.ide.mcu.externaltools.gnu-tools-for-stm32.14.3.rel1.linux64_1.0.100.202602081740/tools/bin/../lib/gcc/arm-none-eabi/14.3.1/../../../../arm-none-eabi/lib/thumb/v7e-m+fp/hard/libm.a
LOAD /opt/st/stm32cubeide_2.1.1/plugins/com.st.stm32cube.ide.mcu.externaltools.gnu-tools-for-stm32.14.3.rel1.linux64_1.0.100.202602081740/tools/bin/../lib/gcc/arm-none-eabi/14.3.1/thumb/v7e-m+fp/hard/libgcc.a

.debug_info     0x00000000    0x150ef
 .debug_info    0x00000000      0x3fb ./Core/Src/gpio.o
 .debug_info    0x000003fb     0x1152 ./Core/Src/main.o
 .debug_info    0x0000154d      0x980 ./Core/Src/spi.o
 .debug_info    0x00001ecd      0x291 ./Core/Src/stm32f4xx_hal_msp.o
 .debug_info    0x0000215e      0xbbc ./Core/Src/stm32f4xx_it.o
 .debug_info    0x00002d1a      0x53e ./Core/Src/system_stm32f4xx.o
 .debug_info    0x00003258      0xb98 ./Core/Src/tim.o
 .debug_info    0x00003df0       0x30 ./Core/Startup/startup_stm32f411ccux.o
 .debug_info    0x00003e20      0x8c4 ./Drivers/STM32F4xx_HAL_Driver/Src/stm32f4xx_hal.o
 .debug_info    0x000046e4      0xcfc ./Drivers/STM32F4xx_HAL_Driver/Src/stm32f4xx_hal_cortex.o
 .debug_info    0x000053e0      0x6f9 ./Drivers/STM32F4xx_HAL_Driver/Src/stm32f4xx_hal_gpio.o
 .debug_info    0x00005ad9     0x1577 ./Drivers/STM32F4xx_HAL_Driver/Src/stm32f4xx_hal_pcd.o
 .debug_info    0x00007050      0x6ea ./Drivers/STM32F4xx_HAL_Driver/Src/stm32f4xx_hal_pcd_ex.o
 .debug_info    0x0000773a      0x904 ./Drivers/STM32F4xx_HAL_Driver/Src/stm32f4xx_hal_rcc.o
 .debug_info    0x0000803e     0x1530 ./Drivers/STM32F4xx_HAL_Driver/Src/stm32f4xx_hal_spi.o
 .debug_info    0x0000956e     0x2996 ./Drivers/STM32F4xx_HAL_Driver/Src/stm32f4xx_hal_tim.o
 .debug_info    0x0000bf04     0x14d4 ./Drivers/STM32F4xx_HAL_Driver/Src/stm32f4xx_hal_tim_ex.o
 .debug_info    0x0000d3d8     0x1993 ./Drivers/STM32F4xx_HAL_Driver/Src/stm32f4xx_ll_usb.o
 .debug_info    0x0000ed6b     0x12a5 ./Middlewares/ST/STM32_USB_Device_Library/Class/CDC/Src/usbd_cdc.o
 .debug_info    0x00010010      0xe12 ./Middlewares/ST/STM32_USB_Device_Library/Core/Src/usbd_core.o
 .debug_info    0x00010e22      0xaeb ./Middlewares/ST/STM32_USB_Device_Library/Core/Src/usbd_ctlreq.o
 .debug_info    0x0001190d      0x762 ./Middlewares/ST/STM32_USB_Device_Library/Core/Src/usbd_ioreq.o
 .debug_info    0x0001206f      0x70e ./USB_DEVICE/App/usb_device.o
 .debug_info    0x0001277d      0x907 ./USB_DEVICE/App/usbd_cdc_if.o
 .debug_info    0x00013084      0x458 ./USB_DEVICE/App/usbd_desc.o
 .debug_info    0x000134dc     0x1c13 ./USB_DEVICE/Target/usbd_conf.o

.debug_abbrev   0x00000000     0x37dc
 .debug_abbrev  0x00000000      0x151 ./Core/Src/gpio.o
 .debug_abbrev  0x00000151      0x316 ./Core/Src/main.o
 .debug_abbrev  0x00000467      0x1f8 ./Core/Src/spi.o
 .debug_abbrev  0x0000065f       0xd8 ./Core/Src/stm32f4xx_hal_msp.o
 .debug_abbrev  0x00000737      0x1e9 ./Core/Src/stm32f4xx_it.o
 .debug_abbrev  0x00000920      0x11a ./Core/Src/system_stm32f4xx.o
 .debug_abbrev  0x00000a3a      0x20a ./Core/Src/tim.o
 .debug_abbrev  0x00000c44       0x24 ./Core/Startup/startup_stm32f411ccux.o
 .debug_abbrev  0x00000c68      0x24b ./Drivers/STM32F4xx_HAL_Driver/Src/stm32f4xx_hal.o
 .debug_abbrev  0x00000eb3      0x31d ./Drivers/STM32F4xx_HAL_Driver/Src/stm32f4xx_hal_cortex.o
 .debug_abbrev  0x000011d0      0x1d3 ./Drivers/STM32F4xx_HAL_Driver/Src/stm32f4xx_hal_gpio.o
 .debug_abbrev  0x000013a3      0x2b6 ./Drivers/STM32F4xx_HAL_Driver/Src/stm32f4xx_hal_pcd.o
 .debug_abbrev  0x00001659      0x1da ./Drivers/STM32F4xx_HAL_Driver/Src/stm32f4xx_hal_pcd_ex.o
 .debug_abbrev  0x00001833      0x2b6 ./Drivers/STM32F4xx_HAL_Driver/Src/stm32f4xx_hal_rcc.o
 .debug_abbrev  0x00001ae9      0x276 ./Drivers/STM32F4xx_HAL_Driver/Src/stm32f4xx_hal_spi.o
 .debug_abbrev  0x00001d5f      0x28b ./Drivers/STM32F4xx_HAL_Driver/Src/stm32f4xx_hal_tim.o
 .debug_abbrev  0x00001fea      0x296 ./Drivers/STM32F4xx_HAL_Driver/Src/stm32f4xx_hal_tim_ex.o
 .debug_abbrev  0x00002280      0x2b3 ./Drivers/STM32F4xx_HAL_Driver/Src/stm32f4xx_ll_usb.o
 .debug_abbrev  0x00002533      0x2d2 ./Middlewares/ST/STM32_USB_Device_Library/Class/CDC/Src/usbd_cdc.o
 .debug_abbrev  0x00002805      0x27c ./Middlewares/ST/STM32_USB_Device_Library/Core/Src/usbd_core.o
 .debug_abbrev  0x00002a81      0x26f ./Middlewares/ST/STM32_USB_Device_Library/Core/Src/usbd_ctlreq.o
 .debug_abbrev  0x00002cf0      0x19a ./Middlewares/ST/STM32_USB_Device_Library/Core/Src/usbd_ioreq.o
 .debug_abbrev  0x00002e8a      0x195 ./USB_DEVICE/App/usb_device.o
 .debug_abbrev  0x0000301f      0x29d ./USB_DEVICE/App/usbd_cdc_if.o
 .debug_abbrev  0x000032bc      0x1e1 ./USB_DEVICE/App/usbd_desc.o
 .debug_abbrev  0x0000349d      0x33f ./USB_DEVICE/Target/usbd_conf.o

.debug_aranges  0x00000000     0x1310
 .debug_aranges
                0x00000000       0x20 ./Core/Src/gpio.o
 .debug_aranges
                0x00000020       0x68 ./Core/Src/main.o
 .debug_aranges
                0x00000088       0x30 ./Core/Src/spi.o
 .debug_aranges
                0x000000b8       0x20 ./Core/Src/stm32f4xx_hal_msp.o
 .debug_aranges
                0x000000d8       0x70 ./Core/Src/stm32f4xx_it.o
 .debug_aranges
                0x00000148       0x28 ./Core/Src/system_stm32f4xx.o
 .debug_aranges
                0x00000170       0x30 ./Core/Src/tim.o
 .debug_aranges
                0x000001a0       0x28 ./Core/Startup/startup_stm32f411ccux.o
 .debug_aranges
                0x000001c8       0xf0 ./Drivers/STM32F4xx_HAL_Driver/Src/stm32f4xx_hal.o
 .debug_aranges
                0x000002b8      0x130 ./Drivers/STM32F4xx_HAL_Driver/Src/stm32f4xx_hal_cortex.o
 .debug_aranges
                0x000003e8       0x58 ./Drivers/STM32F4xx_HAL_Driver/Src/stm32f4xx_hal_gpio.o
 .debug_aranges
                0x00000440      0x148 ./Drivers/STM32F4xx_HAL_Driver/Src/stm32f4xx_hal_pcd.o
 .debug_aranges
                0x00000588       0x38 ./Drivers/STM32F4xx_HAL_Driver/Src/stm32f4xx_hal_pcd_ex.o
 .debug_aranges
                0x000005c0       0x88 ./Drivers/STM32F4xx_HAL_Driver/Src/stm32f4xx_hal_rcc.o
 .debug_aranges
                0x00000648      0x1d0 ./Drivers/STM32F4xx_HAL_Driver/Src/stm32f4xx_hal_spi.o
 .debug_aranges
                0x00000818      0x3d0 ./Drivers/STM32F4xx_HAL_Driver/Src/stm32f4xx_hal_tim.o
 .debug_aranges
                0x00000be8      0x168 ./Drivers/STM32F4xx_HAL_Driver/Src/stm32f4xx_hal_tim_ex.o
 .debug_aranges
                0x00000d50      0x1a0 ./Drivers/STM32F4xx_HAL_Driver/Src/stm32f4xx_ll_usb.o
 .debug_aranges
                0x00000ef0       0x90 ./Middlewares/ST/STM32_USB_Device_Library/Class/CDC/Src/usbd_cdc.o
 .debug_aranges
                0x00000f80       0xd8 ./Middlewares/ST/STM32_USB_Device_Library/Core/Src/usbd_core.o
 .debug_aranges
                0x00001058       0x90 ./Middlewares/ST/STM32_USB_Device_Library/Core/Src/usbd_ctlreq.o
 .debug_aranges
                0x000010e8       0x50 ./Middlewares/ST/STM32_USB_Device_Library/Core/Src/usbd_ioreq.o
 .debug_aranges
                0x00001138       0x20 ./USB_DEVICE/App/usb_device.o
 .debug_aranges
                0x00001158       0x48 ./USB_DEVICE/App/usbd_cdc_if.o
 .debug_aranges
                0x000011a0       0x60 ./USB_DEVICE/App/usbd_desc.o
 .debug_aranges
                0x00001200      0x110 ./USB_DEVICE/Target/usbd_conf.o

.debug_rnglists
                0x00000000      0xe81
 .debug_rnglists
                0x00000000       0x14 ./Core/Src/gpio.o
 .debug_rnglists
                0x00000014       0x4c ./Core/Src/main.o
 .debug_rnglists
                0x00000060       0x20 ./Core/Src/spi.o
 .debug_rnglists
                0x00000080       0x13 ./Core/Src/stm32f4xx_hal_msp.o
 .debug_rnglists
                0x00000093       0x4f ./Core/Src/stm32f4xx_it.o
 .debug_rnglists
                0x000000e2       0x1a ./Core/Src/system_stm32f4xx.o
 .debug_rnglists
                0x000000fc       0x20 ./Core/Src/tim.o
 .debug_rnglists
                0x0000011c       0x19 ./Core/Startup/startup_stm32f411ccux.o
 .debug_rnglists
                0x00000135       0xaf ./Drivers/STM32F4xx_HAL_Driver/Src/stm32f4xx_hal.o
 .debug_rnglists
                0x000001e4       0xe0 ./Drivers/STM32F4xx_HAL_Driver/Src/stm32f4xx_hal_cortex.o
 .debug_rnglists
                0x000002c4       0x3f ./Drivers/STM32F4xx_HAL_Driver/Src/stm32f4xx_hal_gpio.o
 .debug_rnglists
                0x00000303       0xfa ./Drivers/STM32F4xx_HAL_Driver/Src/stm32f4xx_hal_pcd.o
 .debug_rnglists
                0x000003fd       0x26 ./Drivers/STM32F4xx_HAL_Driver/Src/stm32f4xx_hal_pcd_ex.o
 .debug_rnglists
                0x00000423       0x66 ./Drivers/STM32F4xx_HAL_Driver/Src/stm32f4xx_hal_rcc.o
 .debug_rnglists
                0x00000489      0x16f ./Drivers/STM32F4xx_HAL_Driver/Src/stm32f4xx_hal_spi.o
 .debug_rnglists
                0x000005f8      0x31a ./Drivers/STM32F4xx_HAL_Driver/Src/stm32f4xx_hal_tim.o
 .debug_rnglists
                0x00000912      0x125 ./Drivers/STM32F4xx_HAL_Driver/Src/stm32f4xx_hal_tim_ex.o
 .debug_rnglists
                0x00000a37      0x147 ./Drivers/STM32F4xx_HAL_Driver/Src/stm32f4xx_ll_usb.o
 .debug_rnglists
                0x00000b7e       0x6c ./Middlewares/ST/STM32_USB_Device_Library/Class/CDC/Src/usbd_cdc.o
 .debug_rnglists
                0x00000bea       0xa1 ./Middlewares/ST/STM32_USB_Device_Library/Core/Src/usbd_core.o
 .debug_rnglists
                0x00000c8b       0x6e ./Middlewares/ST/STM32_USB_Device_Library/Core/Src/usbd_ctlreq.o
 .debug_rnglists
                0x00000cf9       0x37 ./Middlewares/ST/STM32_USB_Device_Library/Core/Src/usbd_ioreq.o
 .debug_rnglists
                0x00000d30       0x13 ./USB_DEVICE/App/usb_device.o
 .debug_rnglists
                0x00000d43       0x32 ./USB_DEVICE/App/usbd_cdc_if.o
 .debug_rnglists
                0x00000d75       0x43 ./USB_DEVICE/App/usbd_desc.o
 .debug_rnglists
                0x00000db8       0xc9 ./USB_DEVICE/Target/usbd_conf.o

.debug_macro    0x00000000    0x19672
 .debug_macro   0x00000000      0x206 ./Core/Src/gpio.o
 .debug_macro   0x00000206      0xad8 ./Core/Src/gpio.o
 .debug_macro   0x00000cde      0x2a1 ./Core/Src/gpio.o
 .debug_macro   0x00000f7f       0x2e ./Core/Src/gpio.o
 .debug_macro   0x00000fad       0x28 ./Core/Src/gpio.o
 .debug_macro   0x00000fd5       0x22 ./Core/Src/gpio.o
 .debug_macro   0x00000ff7       0x8e ./Core/Src/gpio.o
 .debug_macro   0x00001085       0x51 ./Core/Src/gpio.o
 .debug_macro   0x000010d6      0x103 ./Core/Src/gpio.o
 .debug_macro   0x000011d9       0x6a ./Core/Src/gpio.o
 .debug_macro   0x00001243      0x1df ./Core/Src/gpio.o
 .debug_macro   0x00001422       0x1c ./Core/Src/gpio.o
 .debug_macro   0x0000143e       0x22 ./Core/Src/gpio.o
 .debug_macro   0x00001460       0xfb ./Core/Src/gpio.o
 .debug_macro   0x0000155b     0x1011 ./Core/Src/gpio.o
 .debug_macro   0x0000256c      0x11f ./Core/Src/gpio.o
 .debug_macro   0x0000268b     0xb968 ./Core/Src/gpio.o
 .debug_macro   0x0000dff3       0x6d ./Core/Src/gpio.o
 .debug_macro   0x0000e060     0x3693 ./Core/Src/gpio.o
 .debug_macro   0x000116f3      0x190 ./Core/Src/gpio.o
 .debug_macro   0x00011883       0x5c ./Core/Src/gpio.o
 .debug_macro   0x000118df      0x45c ./Core/Src/gpio.o
 .debug_macro   0x00011d3b      0x9e9 ./Core/Src/gpio.o
 .debug_macro   0x00012724      0x115 ./Core/Src/gpio.o
 .debug_macro   0x00012839      0x11b ./Core/Src/gpio.o
 .debug_macro   0x00012954       0xa5 ./Core/Src/gpio.o
 .debug_macro   0x000129f9      0x15f ./Core/Src/gpio.o
 .debug_macro   0x00012b58      0x287 ./Core/Src/gpio.o
 .debug_macro   0x00012ddf       0x5f ./Core/Src/gpio.o
 .debug_macro   0x00012e3e      0x236 ./Core/Src/gpio.o
 .debug_macro   0x00013074      0x132 ./Core/Src/gpio.o
 .debug_macro   0x000131a6      0x264 ./Core/Src/gpio.o
 .debug_macro   0x0001340a       0x2e ./Core/Src/gpio.o
 .debug_macro   0x00013438      0x127 ./Core/Src/gpio.o
 .debug_macro   0x0001355f       0x85 ./Core/Src/gpio.o
 .debug_macro   0x000135e4       0x89 ./Core/Src/gpio.o
 .debug_macro   0x0001366d      0x225 ./Core/Src/gpio.o
 .debug_macro   0x00013892      0x8ed ./Core/Src/gpio.o
 .debug_macro   0x0001417f       0x47 ./Core/Src/gpio.o
 .debug_macro   0x000141c6      0x293 ./Core/Src/gpio.o
 .debug_macro   0x00014459       0xba ./Core/Src/gpio.o
 .debug_macro   0x00014513      0x126 ./Core/Src/gpio.o
 .debug_macro   0x00014639      0x42c ./Core/Src/main.o
 .debug_macro   0x00014a65       0x61 ./Core/Src/main.o
 .debug_macro   0x00014ac6       0x2a ./Core/Src/main.o
 .debug_macro   0x00014af0       0x43 ./Core/Src/main.o
 .debug_macro   0x00014b33       0x34 ./Core/Src/main.o
 .debug_macro   0x00014b67       0x16 ./Core/Src/main.o
 .debug_macro   0x00014b7d       0x3c ./Core/Src/main.o
 .debug_macro   0x00014bb9      0x364 ./Core/Src/main.o
 .debug_macro   0x00014f1d       0x10 ./Core/Src/main.o
 .debug_macro   0x00014f2d       0x16 ./Core/Src/main.o
 .debug_macro   0x00014f43       0x4a ./Core/Src/main.o
 .debug_macro   0x00014f8d       0x34 ./Core/Src/main.o
 .debug_macro   0x00014fc1       0x10 ./Core/Src/main.o
 .debug_macro   0x00014fd1       0x58 ./Core/Src/main.o
 .debug_macro   0x00015029       0x8e ./Core/Src/main.o
 .debug_macro   0x000150b7       0x1c ./Core/Src/main.o
 .debug_macro   0x000150d3      0x17e ./Core/Src/main.o
 .debug_macro   0x00015251       0x16 ./Core/Src/main.o
 .debug_macro   0x00015267       0x16 ./Core/Src/main.o
 .debug_macro   0x0001527d      0x146 ./Core/Src/main.o
 .debug_macro   0x000153c3       0x16 ./Core/Src/main.o
 .debug_macro   0x000153d9       0x16 ./Core/Src/main.o
 .debug_macro   0x000153ef       0x29 ./Core/Src/main.o
 .debug_macro   0x00015418       0x16 ./Core/Src/main.o
 .debug_macro   0x0001542e       0x20 ./Core/Src/main.o
 .debug_macro   0x0001544e       0x65 ./Core/Src/main.o
 .debug_macro   0x000154b3      0x20f ./Core/Src/main.o
 .debug_macro   0x000156c2       0x95 ./Core/Src/main.o
 .debug_macro   0x00015757       0x10 ./Core/Src/main.o
 .debug_macro   0x00015767      0x206 ./Core/Src/spi.o
 .debug_macro   0x0001596d      0x1fc ./Core/Src/stm32f4xx_hal_msp.o
 .debug_macro   0x00015b69      0x206 ./Core/Src/stm32f4xx_it.o
 .debug_macro   0x00015d6f      0x1f2 ./Core/Src/system_stm32f4xx.o
 .debug_macro   0x00015f61      0x206 ./Core/Src/tim.o
 .debug_macro   0x00016167      0x252 ./Drivers/STM32F4xx_HAL_Driver/Src/stm32f4xx_hal.o
 .debug_macro   0x000163b9      0x1f2 ./Drivers/STM32F4xx_HAL_Driver/Src/stm32f4xx_hal_cortex.o
 .debug_macro   0x000165ab      0x1f8 ./Drivers/STM32F4xx_HAL_Driver/Src/stm32f4xx_hal_gpio.o
 .debug_macro   0x000167a3      0x1fe ./Drivers/STM32F4xx_HAL_Driver/Src/stm32f4xx_hal_pcd.o
 .debug_macro   0x000169a1      0x1f2 ./Drivers/STM32F4xx_HAL_Driver/Src/stm32f4xx_hal_pcd_ex.o
 .debug_macro   0x00016b93      0x216 ./Drivers/STM32F4xx_HAL_Driver/Src/stm32f4xx_hal_rcc.o
 .debug_macro   0x00016da9      0x201 ./Drivers/STM32F4xx_HAL_Driver/Src/stm32f4xx_hal_spi.o
 .debug_macro   0x00016faa      0x1f3 ./Drivers/STM32F4xx_HAL_Driver/Src/stm32f4xx_hal_tim.o
 .debug_macro   0x0001719d      0x1f2 ./Drivers/STM32F4xx_HAL_Driver/Src/stm32f4xx_hal_tim_ex.o
 .debug_macro   0x0001738f      0x1f2 ./Drivers/STM32F4xx_HAL_Driver/Src/stm32f4xx_ll_usb.o
 .debug_macro   0x00017581      0x38b ./Middlewares/ST/STM32_USB_Device_Library/Class/CDC/Src/usbd_cdc.o
 .debug_macro   0x0001790c       0x9e ./Middlewares/ST/STM32_USB_Device_Library/Class/CDC/Src/usbd_cdc.o
 .debug_macro   0x000179aa      0x112 ./Middlewares/ST/STM32_USB_Device_Library/Class/CDC/Src/usbd_cdc.o
 .debug_macro   0x00017abc       0x56 ./Middlewares/ST/STM32_USB_Device_Library/Class/CDC/Src/usbd_cdc.o
 .debug_macro   0x00017b12      0x372 ./Middlewares/ST/STM32_USB_Device_Library/Core/Src/usbd_core.o
 .debug_macro   0x00017e84      0x215 ./Middlewares/ST/STM32_USB_Device_Library/Core/Src/usbd_core.o
 .debug_macro   0x00018099      0x37c ./Middlewares/ST/STM32_USB_Device_Library/Core/Src/usbd_ctlreq.o
 .debug_macro   0x00018415      0x378 ./Middlewares/ST/STM32_USB_Device_Library/Core/Src/usbd_ioreq.o
 .debug_macro   0x0001878d      0x3b1 ./USB_DEVICE/App/usb_device.o
 .debug_macro   0x00018b3e       0x22 ./USB_DEVICE/App/usb_device.o
 .debug_macro   0x00018b60       0x16 ./USB_DEVICE/App/usb_device.o
 .debug_macro   0x00018b76      0x396 ./USB_DEVICE/App/usbd_cdc_if.o
 .debug_macro   0x00018f0c      0x3b5 ./USB_DEVICE/App/usbd_desc.o
 .debug_macro   0x000192c1       0x1c ./USB_DEVICE/App/usbd_desc.o
 .debug_macro   0x000192dd      0x395 ./USB_DEVICE/Target/usbd_conf.o

.debug_line     0x00000000    0x16c4c
 .debug_line    0x00000000      0x6e3 ./Core/Src/gpio.o
 .debug_line    0x000006e3      0xbf5 ./Core/Src/main.o
 .debug_line    0x000012d8      0x74b ./Core/Src/spi.o
 .debug_line    0x00001a23      0x6d5 ./Core/Src/stm32f4xx_hal_msp.o
 .debug_line    0x000020f8      0x7b4 ./Core/Src/stm32f4xx_it.o
 .debug_line    0x000028ac      0x74b ./Core/Src/system_stm32f4xx.o
 .debug_line    0x00002ff7      0x74f ./Core/Src/tim.o
 .debug_line    0x00003746       0x7a ./Core/Startup/startup_stm32f411ccux.o
 .debug_line    0x000037c0      0x9ca ./Drivers/STM32F4xx_HAL_Driver/Src/stm32f4xx_hal.o
 .debug_line    0x0000418a      0xc97 ./Drivers/STM32F4xx_HAL_Driver/Src/stm32f4xx_hal_cortex.o
 .debug_line    0x00004e21      0xae0 ./Drivers/STM32F4xx_HAL_Driver/Src/stm32f4xx_hal_gpio.o
 .debug_line    0x00005901     0x1410 ./Drivers/STM32F4xx_HAL_Driver/Src/stm32f4xx_hal_pcd.o
 .debug_line    0x00006d11      0x790 ./Drivers/STM32F4xx_HAL_Driver/Src/stm32f4xx_hal_pcd_ex.o
 .debug_line    0x000074a1      0xdd4 ./Drivers/STM32F4xx_HAL_Driver/Src/stm32f4xx_hal_rcc.o
 .debug_line    0x00008275     0x1c62 ./Drivers/STM32F4xx_HAL_Driver/Src/stm32f4xx_hal_spi.o
 .debug_line    0x00009ed7     0x350c ./Drivers/STM32F4xx_HAL_Driver/Src/stm32f4xx_hal_tim.o
 .debug_line    0x0000d3e3     0x18c2 ./Drivers/STM32F4xx_HAL_Driver/Src/stm32f4xx_hal_tim_ex.o
 .debug_line    0x0000eca5     0x1ca5 ./Drivers/STM32F4xx_HAL_Driver/Src/stm32f4xx_ll_usb.o
 .debug_line    0x0001094a      0xe25 ./Middlewares/ST/STM32_USB_Device_Library/Class/CDC/Src/usbd_cdc.o
 .debug_line    0x0001176f      0xedd ./Middlewares/ST/STM32_USB_Device_Library/Core/Src/usbd_core.o
 .debug_line    0x0001264c     0x109f ./Middlewares/ST/STM32_USB_Device_Library/Core/Src/usbd_ctlreq.o
 .debug_line    0x000136eb      0x9e4 ./Middlewares/ST/STM32_USB_Device_Library/Core/Src/usbd_ioreq.o
 .debug_line    0x000140cf      0x9aa ./USB_DEVICE/App/usb_device.o
 .debug_line    0x00014a79      0xa03 ./USB_DEVICE/App/usbd_cdc_if.o
 .debug_line    0x0001547c      0xa53 ./USB_DEVICE/App/usbd_desc.o
 .debug_line    0x00015ecf      0xd7d ./USB_DEVICE/Target/usbd_conf.o

.debug_str      0x00000000    0x9189a
 .debug_str     0x00000000    0x9189a ./Core/Src/gpio.o
                              0x87ca6 (size before relaxing)
 .debug_str     0x0009189a    0x8ce9c ./Core/Src/main.o
 .debug_str     0x0009189a    0x88132 ./Core/Src/spi.o
 .debug_str     0x0009189a    0x87bdb ./Core/Src/stm32f4xx_hal_msp.o
 .debug_str     0x0009189a    0x88481 ./Core/Src/stm32f4xx_it.o
 .debug_str     0x0009189a    0x87c8b ./Core/Src/system_stm32f4xx.o
 .debug_str     0x0009189a    0x88658 ./Core/Src/tim.o
 .debug_str     0x0009189a       0x74 ./Core/Startup/startup_stm32f411ccux.o
 .debug_str     0x0009189a    0x886b7 ./Drivers/STM32F4xx_HAL_Driver/Src/stm32f4xx_hal.o
 .debug_str     0x0009189a    0x88421 ./Drivers/STM32F4xx_HAL_Driver/Src/stm32f4xx_hal_cortex.o
 .debug_str     0x0009189a    0x87e06 ./Drivers/STM32F4xx_HAL_Driver/Src/stm32f4xx_hal_gpio.o
 .debug_str     0x0009189a    0x88757 ./Drivers/STM32F4xx_HAL_Driver/Src/stm32f4xx_hal_pcd.o
 .debug_str     0x0009189a    0x88047 ./Drivers/STM32F4xx_HAL_Driver/Src/stm32f4xx_hal_pcd_ex.o
 .debug_str     0x0009189a    0x880bf ./Drivers/STM32F4xx_HAL_Driver/Src/stm32f4xx_hal_rcc.o
 .debug_str     0x0009189a    0x88537 ./Drivers/STM32F4xx_HAL_Driver/Src/stm32f4xx_hal_spi.o
 .debug_str     0x0009189a    0x89003 ./Drivers/STM32F4xx_HAL_Driver/Src/stm32f4xx_hal_tim.o
 .debug_str     0x0009189a    0x8880f ./Drivers/STM32F4xx_HAL_Driver/Src/stm32f4xx_hal_tim_ex.o
 .debug_str     0x0009189a    0x88632 ./Drivers/STM32F4xx_HAL_Driver/Src/stm32f4xx_ll_usb.o
 .debug_str     0x0009189a    0x8cc78 ./Middlewares/ST/STM32_USB_Device_Library/Class/CDC/Src/usbd_cdc.o
 .debug_str     0x0009189a    0x8c5d8 ./Middlewares/ST/STM32_USB_Device_Library/Core/Src/usbd_core.o
 .debug_str     0x0009189a    0x8c403 ./Middlewares/ST/STM32_USB_Device_Library/Core/Src/usbd_ctlreq.o
 .debug_str     0x0009189a    0x8c2d8 ./Middlewares/ST/STM32_USB_Device_Library/Core/Src/usbd_ioreq.o
 .debug_str     0x0009189a    0x8c68b ./USB_DEVICE/App/usb_device.o
 .debug_str     0x0009189a    0x8c6cb ./USB_DEVICE/App/usbd_cdc_if.o
 .debug_str     0x0009189a    0x8c1d0 ./USB_DEVICE/App/usbd_desc.o
 .debug_str     0x0009189a    0x8d387 ./USB_DEVICE/Target/usbd_conf.o

.comment        0x00000000       0x43
 .comment       0x00000000       0x43 ./Core/Src/gpio.o
                                 0x44 (size before relaxing)
 .comment       0x00000043       0x44 ./Core/Src/main.o
 .comment       0x00000043       0x44 ./Core/Src/spi.o
 .comment       0x00000043       0x44 ./Core/Src/stm32f4xx_hal_msp.o
 .comment       0x00000043       0x44 ./Core/Src/stm32f4xx_it.o
 .comment       0x00000043       0x44 ./Core/Src/system_stm32f4xx.o
 .comment       0x00000043       0x44 ./Core/Src/tim.o
 .comment       0x00000043       0x44 ./Drivers/STM32F4xx_HAL_Driver/Src/stm32f4xx_hal.o
 .comment       0x00000043       0x44 ./Drivers/STM32F4xx_HAL_Driver/Src/stm32f4xx_hal_cortex.o
 .comment       0x00000043       0x44 ./Drivers/STM32F4xx_HAL_Driver/Src/stm32f4xx_hal_gpio.o
 .comment       0x00000043       0x44 ./Drivers/STM32F4xx_HAL_Driver/Src/stm32f4xx_hal_pcd.o
 .comment       0x00000043       0x44 ./Drivers/STM32F4xx_HAL_Driver/Src/stm32f4xx_hal_pcd_ex.o
 .comment       0x00000043       0x44 ./Drivers/STM32F4xx_HAL_Driver/Src/stm32f4xx_hal_rcc.o
 .comment       0x00000043       0x44 ./Drivers/STM32F4xx_HAL_Driver/Src/stm32f4xx_hal_spi.o
 .comment       0x00000043       0x44 ./Drivers/STM32F4xx_HAL_Driver/Src/stm32f4xx_hal_tim.o
 .comment       0x00000043       0x44 ./Drivers/STM32F4xx_HAL_Driver/Src/stm32f4xx_hal_tim_ex.o
 .comment       0x00000043       0x44 ./Drivers/STM32F4xx_HAL_Driver/Src/stm32f4xx_ll_usb.o
 .comment       0x00000043       0x44 ./Middlewares/ST/STM32_USB_Device_Library/Class/CDC/Src/usbd_cdc.o
 .comment       0x00000043       0x44 ./Middlewares/ST/STM32_USB_Device_Library/Core/Src/usbd_core.o
 .comment       0x00000043       0x44 ./Middlewares/ST/STM32_USB_Device_Library/Core/Src/usbd_ctlreq.o
 .comment       0x00000043       0x44 ./Middlewares/ST/STM32_USB_Device_Library/Core/Src/usbd_ioreq.o
 .comment       0x00000043       0x44 ./USB_DEVICE/App/usb_device.o
 .comment       0x00000043       0x44 ./USB_DEVICE/App/usbd_cdc_if.o
 .comment       0x00000043       0x44 ./USB_DEVICE/App/usbd_desc.o
 .comment       0x00000043       0x44 ./USB_DEVICE/Target/usbd_conf.o

.debug_frame    0x00000000     0x4b54
 .debug_frame   0x00000000       0x34 ./Core/Src/gpio.o
 .debug_frame   0x00000034      0x154 ./Core/Src/main.o
 .debug_frame   0x00000188       0x74 ./Core/Src/spi.o
 .debug_frame   0x000001fc       0x34 ./Core/Src/stm32f4xx_hal_msp.o
 .debug_frame   0x00000230      0x130 ./Core/Src/stm32f4xx_it.o
 .debug_frame   0x00000360       0x50 ./Core/Src/system_stm32f4xx.o
 .debug_frame   0x000003b0       0x7c ./Core/Src/tim.o
 .debug_frame   0x0000042c      0x31c ./Drivers/STM32F4xx_HAL_Driver/Src/stm32f4xx_hal.o
 .debug_frame   0x00000748      0x4b8 ./Drivers/STM32F4xx_HAL_Driver/Src/stm32f4xx_hal_cortex.o
 .debug_frame   0x00000c00      0x130 ./Drivers/STM32F4xx_HAL_Driver/Src/stm32f4xx_hal_gpio.o
 .debug_frame   0x00000d30      0x574 ./Drivers/STM32F4xx_HAL_Driver/Src/stm32f4xx_hal_pcd.o
 .debug_frame   0x000012a4       0xa0 ./Drivers/STM32F4xx_HAL_Driver/Src/stm32f4xx_hal_pcd_ex.o
 .debug_frame   0x00001344      0x1d8 ./Drivers/STM32F4xx_HAL_Driver/Src/stm32f4xx_hal_rcc.o
 .debug_frame   0x0000151c      0x7e0 ./Drivers/STM32F4xx_HAL_Driver/Src/stm32f4xx_hal_spi.o
 .debug_frame   0x00001cfc     0x10e8 ./Drivers/STM32F4xx_HAL_Driver/Src/stm32f4xx_hal_tim.o
 .debug_frame   0x00002de4      0x600 ./Drivers/STM32F4xx_HAL_Driver/Src/stm32f4xx_hal_tim_ex.o
 .debug_frame   0x000033e4      0x724 ./Drivers/STM32F4xx_HAL_Driver/Src/stm32f4xx_ll_usb.o
 .debug_frame   0x00003b08      0x22c ./Middlewares/ST/STM32_USB_Device_Library/Class/CDC/Src/usbd_cdc.o
 .debug_frame   0x00003d34      0x370 ./Middlewares/ST/STM32_USB_Device_Library/Core/Src/usbd_core.o
 .debug_frame   0x000040a4      0x234 ./Middlewares/ST/STM32_USB_Device_Library/Core/Src/usbd_ctlreq.o
 .debug_frame   0x000042d8      0x10c ./Middlewares/ST/STM32_USB_Device_Library/Core/Src/usbd_ioreq.o
 .debug_frame   0x000043e4       0x2c ./USB_DEVICE/App/usb_device.o
 .debug_frame   0x00004410       0xd8 ./USB_DEVICE/App/usbd_cdc_if.o
 .debug_frame   0x000044e8      0x154 ./USB_DEVICE/App/usbd_desc.o
 .debug_frame   0x0000463c      0x46c ./USB_DEVICE/Target/usbd_conf.o
 .debug_frame   0x00004aa8       0x20 /opt/st/stm32cubeide_2.1.1/plugins/com.st.stm32cube.ide.mcu.externaltools.gnu-tools-for-stm32.14.3.rel1.linux64_1.0.100.202602081740/tools/bin/../lib/gcc/arm-none-eabi/14.3.1/../../../../arm-none-eabi/lib/thumb/v7e-m+fp/hard/libc_nano.a(libc_a-memset.o)
 .debug_frame   0x00004ac8       0x2c /opt/st/stm32cubeide_2.1.1/plugins/com.st.stm32cube.ide.mcu.externaltools.gnu-tools-for-stm32.14.3.rel1.linux64_1.0.100.202602081740/tools/bin/../lib/gcc/arm-none-eabi/14.3.1/../../../../arm-none-eabi/lib/thumb/v7e-m+fp/hard/libc_nano.a(libc_a-init.o)
 .debug_frame   0x00004af4       0x2c /opt/st/stm32cubeide_2.1.1/plugins/com.st.stm32cube.ide.mcu.externaltools.gnu-tools-for-stm32.14.3.rel1.linux64_1.0.100.202602081740/tools/bin/../lib/gcc/arm-none-eabi/14.3.1/thumb/v7e-m+fp/hard/libgcc.a(_aeabi_uldivmod.o)
 .debug_frame   0x00004b20       0x34 /opt/st/stm32cubeide_2.1.1/plugins/com.st.stm32cube.ide.mcu.externaltools.gnu-tools-for-stm32.14.3.rel1.linux64_1.0.100.202602081740/tools/bin/../lib/gcc/arm-none-eabi/14.3.1/thumb/v7e-m+fp/hard/libgcc.a(_udivmoddi4.o)

.debug_line_str
                0x00000000       0x58
 .debug_line_str
                0x00000000       0x58 ./Core/Startup/startup_stm32f411ccux.o
